Archive member included to satisfy reference by file (symbol)

D:/devkitPro/libnds/lib\libmm9.a(mm_comms.o)
                              main.o (mmStart)
D:/devkitPro/libnds/lib\libmm9.a(mm_memory.o)
                              main.o (mmLoad)
D:/devkitPro/libnds/lib\libmm9.a(mm_main9.o)
                              D:/devkitPro/libnds/lib\libmm9.a(mm_memory.o) (mmcbMemory)
D:/devkitPro/libnds/lib\libmm9.a(mm_soundbank.o)
                              D:/devkitPro/libnds/lib\libmm9.a(mm_main9.o) (mmSoundBankInMemory)
D:/devkitPro/libnds/lib\libmm9.a(mm_flusher.o)
                              D:/devkitPro/libnds/lib\libmm9.a(mm_memory.o) (mmFlushBank)
D:/devkitPro/libnds/lib\libnds9.a(console.o)
                              main.o (consoleDemoInit)
D:/devkitPro/libnds/lib\libnds9.a(gl2d.o)
                              main.o (glScreen2D)
D:/devkitPro/libnds/lib\libnds9.a(videoGL.o)
                              D:/devkitPro/libnds/lib\libnds9.a(gl2d.o) (glMaterialf)
D:/devkitPro/libnds/lib\libnds9.a(keys.o)
                              main.o (scanKeys)
D:/devkitPro/libnds/lib\libnds9.a(initSystem.o)
                              d:/devkitpro/devkitarm/bin/../lib/gcc/arm-none-eabi/12.2.0/../../../../arm-none-eabi/lib/thumb/ds_arm9_crt0.o (initSystem)
D:/devkitPro/libnds/lib\libnds9.a(securearea.o)
                              d:/devkitpro/devkitarm/bin/../lib/gcc/arm-none-eabi/12.2.0/../../../../arm-none-eabi/lib/thumb/ds_arm9_crt0.o (__secure_area__)
D:/devkitPro/libnds/lib\libnds9.a(interrupts.o)
                              D:/devkitPro/libnds/lib\libnds9.a(initSystem.o) (irqInit)
D:/devkitPro/libnds/lib\libnds9.a(libnds_exit.arm.o)
                              d:/devkitpro/devkitarm/bin/../lib/gcc/arm-none-eabi/12.2.0/../../../../arm-none-eabi/lib/thumb/ds_arm9_crt0.o (__libnds_exit)
D:/devkitPro/libnds/lib\libnds9.a(fifosystem.o)
                              D:/devkitPro/libnds/lib\libmm9.a(mm_comms.o) (fifoSetValue32Handler)
D:/devkitPro/libnds/lib\libnds9.a(mpu_setup.o)
                              d:/devkitpro/devkitarm/bin/../lib/gcc/arm-none-eabi/12.2.0/../../../../arm-none-eabi/lib/thumb/ds_arm9_crt0.o (__libnds_mpu_setup)
D:/devkitPro/libnds/lib\libnds9.a(IntrWait.o)
                              main.o (swiWaitForVBlank)
D:/devkitPro/libnds/lib\libnds9.a(cpu_clock.o)
                              D:/devkitPro/libnds/lib\libnds9.a(initSystem.o) (setCpuClock)
D:/devkitPro/libnds/lib\libnds9.a(interruptDispatcher.o)
                              D:/devkitPro/libnds/lib\libnds9.a(interrupts.o) (IntrMain)
D:/devkitPro/libnds/lib\libnds9.a(biosCalls.o)
                              D:/devkitPro/libnds/lib\libnds9.a(videoGL.o) (swiCopy)
D:/devkitPro/libnds/lib\libnds9.a(debugprint.o)
                              D:/devkitPro/libnds/lib\libnds9.a(console.o) (nocashWrite)
D:/devkitPro/libnds/lib\libnds9.a(swiSoftReset.o)
                              D:/devkitPro/libnds/lib\libnds9.a(fifosystem.o) (swiSoftReset)
D:/devkitPro/libnds/lib\libnds9.a(default_font.bin.o)
                              D:/devkitPro/libnds/lib\libnds9.a(console.o) (default_font_bin)
D:/devkitPro/libnds/lib\libnds9.a(background.o)
                              D:/devkitPro/libnds/lib\libnds9.a(console.o) (bgState)
D:/devkitPro/libnds/lib\libnds9.a(dynamicArray.o)
                              D:/devkitPro/libnds/lib\libnds9.a(videoGL.o) (DynamicArrayInit)
D:/devkitPro/libnds/lib\libnds9.a(trig.o)
                              D:/devkitPro/libnds/lib\libnds9.a(gl2d.o) (sinLerp)
D:/devkitPro/libnds/lib\libnds9.a(video.o)
                              D:/devkitPro/libnds/lib\libnds9.a(videoGL.o) (vramSetBanks_EFG)
D:/devkitPro/libnds/lib\libnds9.a(system.o)
                              D:/devkitPro/libnds/lib\libnds9.a(initSystem.o) (systemValueHandler)
d:/devkitpro/devkitarm/bin/../lib/gcc/arm-none-eabi/12.2.0/../../../../arm-none-eabi/lib/thumb\libm.a(libm_a-s_cos.o)
                              main.o (cos)
d:/devkitpro/devkitarm/bin/../lib/gcc/arm-none-eabi/12.2.0/../../../../arm-none-eabi/lib/thumb\libm.a(libm_a-s_sin.o)
                              main.o (sin)
d:/devkitpro/devkitarm/bin/../lib/gcc/arm-none-eabi/12.2.0/../../../../arm-none-eabi/lib/thumb\libm.a(libm_a-k_cos.o)
                              d:/devkitpro/devkitarm/bin/../lib/gcc/arm-none-eabi/12.2.0/../../../../arm-none-eabi/lib/thumb\libm.a(libm_a-s_cos.o) (__kernel_cos)
d:/devkitpro/devkitarm/bin/../lib/gcc/arm-none-eabi/12.2.0/../../../../arm-none-eabi/lib/thumb\libm.a(libm_a-k_sin.o)
                              d:/devkitpro/devkitarm/bin/../lib/gcc/arm-none-eabi/12.2.0/../../../../arm-none-eabi/lib/thumb\libm.a(libm_a-s_cos.o) (__kernel_sin)
d:/devkitpro/devkitarm/bin/../lib/gcc/arm-none-eabi/12.2.0/../../../../arm-none-eabi/lib/thumb\libm.a(libm_a-e_rem_pio2.o)
                              d:/devkitpro/devkitarm/bin/../lib/gcc/arm-none-eabi/12.2.0/../../../../arm-none-eabi/lib/thumb\libm.a(libm_a-s_cos.o) (__ieee754_rem_pio2)
[...]
Memory Configuration

Name             Origin             Length             Attributes
ewram            0x02000000         0x00380000
dtcm             0x02ff0000         0x00004000
vectors          0x01000000         0x00000100
itcm             0x01000100         0x00007f00
*default*        0x00000000         0xffffffff

Linker script and memory map

                0x02380000                        __ewram_end = (ORIGIN (ewram) + LENGTH (ewram))
                0x02380000                        __eheap_end = (ORIGIN (ewram) + LENGTH (ewram))
                0x02ff4000                        __dtcm_top = (ORIGIN (dtcm) + LENGTH (dtcm))
                0x02ff3ff8                        __irq_flags = (__dtcm_top - 0x8)
                0x02ff3ffc                        __irq_vector = (__dtcm_top - 0x4)
                0x02ff3f00                        __sp_svc = (__dtcm_top - 0x100)
                0x02ff3e00                        __sp_irq = (__sp_svc - 0x100)
                0x02ff3d00                        __sp_usr = (__sp_irq - 0x100)

.secure         0x02000000      0x800
 *(.secure)
 .secure        0x02000000      0x800 D:/devkitPro/libnds/lib\libnds9.a(securearea.o)
                0x02000000                __secure_area__

.crt0           0x02000800      0x300
                0x02000800                        __text_start = .
 *(.crt0)
 .crt0          0x02000800      0x300 d:/devkitpro/devkitarm/bin/../lib/gcc/arm-none-eabi/12.2.0/../../../../arm-none-eabi/lib/thumb/ds_arm9_crt0.o
                0x02000800                _start
                0x02000b00                        . = ALIGN (0x4)

.plt
 *(.plt)

.init           0x02000b00        0xc
 *(SORT_NONE(.init))
 .init          0x02000b00        0x4 d:/devkitpro/devkitarm/bin/../lib/gcc/arm-none-eabi/12.2.0/thumb/crti.o
                0x02000b00                _init
 .init          0x02000b04        0x8 d:/devkitpro/devkitarm/bin/../lib/gcc/arm-none-eabi/12.2.0/thumb/crtn.o

.text           0x02000b10     0xd690
 *(EXCLUDE_FILE(*.twl* *.vectors* *.itcm*) .text)
 .text          0x02000b10      0x24c D:/devkitPro/libnds/lib\libmm9.a(mm_comms.o)
                0x02000b10                mmSetupComms
                0x02000b62                mmSendBank
                0x02000b6c                mmLockChannels
                0x02000b72                mmUnlockChannels
                0x02000b78                mmStart
                0x02000b82                mmPause
                0x02000b86                mmResume
                0x02000b8a                mmStop
                0x02000b8e                mmPosition
                0x02000b92                mmJingle
                0x02000b96                mmSetModuleVolume
                0x02000b9a                mmSetJingleVolume
                0x02000b9e                mmSetModuleTempo
                0x02000ba2                mmSetModulePitch
                0x02000ba6                mmSetEffectsVolume
                0x02000baa                mmSelectMode
                0x02000bae                mmStreamBegin
                0x02000bc2                mmStreamEnd
                0x02000c18                mmEffect
                0x02000c3c                mmEffectVolume
                0x02000c40                mmEffectPanning
                0x02000c44                mmEffectRate
                0x02000c4e                mmEffectScaleRate
                0x02000c58                mmEffectRelease
                0x02000c5e                mmEffectCancel
                0x02000c64                mmEffectEx
                0x02000ca2                mmEffectCancelAll
                0x02000ca6                mmReverbEnable
                0x02000caa                mmReverbDisable
                0x02000cae                mmReverbConfigure
                0x02000d0a                mmReverbStart
                0x02000d0e                mmReverbStop
 .text          0x02000d5c      0x120 D:/devkitPro/libnds/lib\libmm9.a(mm_memory.o)
                0x02000d5c                mmLoad
                0x02000dac                mmUnload
                0x02000e04                mmLoadEffect
                0x02000e3c                mmUnloadEffect
 .text          0x02000e7c      0x108 D:/devkitPro/libnds/lib\libmm9.a(mm_main9.o)
                0x02000e7c                mmActive
                0x02000e82                mmSetEventHandler
                0x02000e88                mmInit
                0x02000eb2                mmInitDefault
                0x02000efc                mmInitDefaultMem
                0x02000f1e                mmSuspendIRQ_t
                0x02000f3c                mmRestoreIRQ_t
 .text          0x02000f84      0x100 D:/devkitPro/libnds/lib\libmm9.a(mm_soundbank.o)
                0x02000f84                mmSoundBankInMemory
                0x02000f8c                mmSoundBankInFiles
                0x02000f9e                mmSetCustomSoundBankHandler
                0x02000fca                mmsHandleFileOp
 .text          0x02001084       0x3c D:/devkitPro/libnds/lib\libmm9.a(mm_flusher.o)
                0x02001084                mmFlushBank
 .text          0x020010c0      0x290 d:/devkitpro/devkitarm/bin/../lib/gcc/arm-none-eabi/12.2.0/thumb\libgcc.a(_arm_muldf3.o)
                0x020010c0                __muldf3
                0x020010c0                __aeabi_dmul
 .text          0x02001350      0x198 d:/devkitpro/devkitarm/bin/../lib/gcc/arm-none-eabi/12.2.0/thumb\libgcc.a(_arm_mulsf3.o)
                0x02001350                __aeabi_fmul
                0x02001350                __mulsf3
 .text          0x020014e8      0x150 d:/devkitpro/devkitarm/bin/../lib/gcc/arm-none-eabi/12.2.0/thumb\libgcc.a(_divsi3.o)
                0x020014e8                __divsi3
                0x020014e8                __aeabi_idiv
                0x02001618                __aeabi_idivmod
 .text          0x02001638        0x4 d:/devkitpro/devkitarm/bin/../lib/gcc/arm-none-eabi/12.2.0/thumb\libgcc.a(_dvmd_tls.o)
                0x02001638                __aeabi_idiv0
                0x02001638                __aeabi_ldiv0
 .text          0x0200163c      0x424 d:/devkitpro/devkitarm/bin/../lib/gcc/arm-none-eabi/12.2.0/thumb\libgcc.a(_arm_addsubdf3.o)
                0x0200163c                __aeabi_drsub
                0x02001644                __aeabi_dsub
                0x02001644                __subdf3
                0x02001648                __aeabi_dadd
                0x02001648                __adddf3
                0x02001958                __floatunsidf
                0x02001958                __aeabi_ui2d
                0x0200197c                __floatsidf
                0x0200197c                __aeabi_i2d
                0x020019a4                __aeabi_f2d
                0x020019a4                __extendsfdf2
                0x020019ec                __floatundidf
                0x020019ec                __aeabi_ul2d
                0x02001a00                __floatdidf
                0x02001a00                __aeabi_l2d
 .text          0x02001a60      0x144 d:/devkitpro/devkitarm/bin/../lib/gcc/arm-none-eabi/12.2.0/thumb\libgcc.a(_arm_cmpdf2.o)
                0x02001a60                __gtdf2
                0x02001a60                __gedf2
                0x02001a68                __ltdf2
                0x02001a68                __ledf2
                0x02001a70                __nedf2
                0x02001a70                __eqdf2
                0x02001a70                __cmpdf2
                0x02001af8                __aeabi_cdrcmple
                0x02001b14                __aeabi_cdcmpeq
                0x02001b14                __aeabi_cdcmple
                0x02001b2c                __aeabi_dcmpeq
                0x02001b44                __aeabi_dcmplt
                0x02001b5c                __aeabi_dcmple
                0x02001b74                __aeabi_dcmpge
                0x02001b8c                __aeabi_dcmpgt
 .text          0x02001ba4       0x5c d:/devkitpro/devkitarm/bin/../lib/gcc/arm-none-eabi/12.2.0/thumb\libgcc.a(_arm_fixdfsi.o)
                0x02001ba4                __aeabi_d2iz
                0x02001ba4                __fixdfsi
 .text          0x02001c00       0xa0 d:/devkitpro/devkitarm/bin/../lib/gcc/arm-none-eabi/12.2.0/thumb\libgcc.a(_arm_truncdfsf2.o)
                0x02001c00                __truncdfsf2
                0x02001c00                __aeabi_d2f
 .text          0x02001ca0      0x2ac d:/devkitpro/devkitarm/bin/../lib/gcc/arm-none-eabi/12.2.0/thumb\libgcc.a(_arm_addsubsf3.o)
                0x02001ca0                __aeabi_frsub
                0x02001ca8                __subsf3
                0x02001ca8                __aeabi_fsub
                0x02001cac                __aeabi_fadd
                0x02001cac                __addsf3
                0x02001e68                __aeabi_ui2f
                0x02001e68                __floatunsisf
                0x02001e70                __aeabi_i2f
                0x02001e70                __floatsisf
                0x02001e90                __aeabi_ul2f
                0x02001e90                __floatundisf
                0x02001ea0                __aeabi_l2f
                0x02001ea0                __floatdisf
 .text          0x02001f4c      0x114 d:/devkitpro/devkitarm/bin/../lib/gcc/arm-none-eabi/12.2.0/thumb\libgcc.a(_arm_cmpsf2.o)
                0x02001f4c                __gesf2
                0x02001f4c                __gtsf2
                0x02001f54                __lesf2
                0x02001f54                __ltsf2
                0x02001f5c                __nesf2
                0x02001f5c                __eqsf2
                0x02001f5c                __cmpsf2
                0x02001fc0                __aeabi_cfrcmple
                0x02001fd0                __aeabi_cfcmpeq
                0x02001fd0                __aeabi_cfcmple
                0x02001fe8                __aeabi_fcmpeq
                0x02002000                __aeabi_fcmplt
                0x02002018                __aeabi_fcmple
                0x02002030                __aeabi_fcmpge
                0x02002048                __aeabi_fcmpgt
 .text          0x02002060       0x5c d:/devkitpro/devkitarm/bin/../lib/gcc/arm-none-eabi/12.2.0/thumb\libgcc.a(_arm_fixsfsi.o)
                0x02002060                __aeabi_f2iz
                0x02002060                __fixsfsi
 .text          0x020020bc       0x14 d:/devkitpro/devkitarm/bin/../lib/gcc/arm-none-eabi/12.2.0/thumb\libgcc.a(_thumb1_case_uqi.o)
                0x020020bc                __gnu_thumb1_case_uqi
 .text          0x020020d0       0x14 d:/devkitpro/devkitarm/bin/../lib/gcc/arm-none-eabi/12.2.0/thumb\libgcc.a(_thumb1_case_uhi.o)
                0x020020d0                __gnu_thumb1_case_uhi
 .text          0x020020e4      0x11c d:/devkitpro/devkitarm/bin/../lib/gcc/arm-none-eabi/12.2.0/thumb\libgcc.a(_udivsi3.o)
                0x020020e4                __aeabi_uidiv
                0x020020e4                __udivsi3
                0x020021e0                __aeabi_uidivmod
 .text          0x02002200       0x3c d:/devkitpro/devkitarm/bin/../lib/gcc/arm-none-eabi/12.2.0/thumb\libgcc.a(_aeabi_uldivmod.o)
                0x02002200                __aeabi_uldivmod
 .text          0x0200223c       0x28 d:/devkitpro/devkitarm/bin/../lib/gcc/arm-none-eabi/12.2.0/thumb\libgcc.a(_clzdi2.o)
                0x0200223c                __clzdi2
 .text          0x02002264       0x48 d:/devkitpro/devkitarm/bin/../lib/gcc/arm-none-eabi/12.2.0/thumb\libgcc.a(_clzsi2.o)
                0x02002264                __clzsi2
 *(EXCLUDE_FILE(*.twl* *.vectors* *.itcm*) .stub)
 *(EXCLUDE_FILE(*.twl* *.vectors* *.itcm*) .text.*)
 .text.__do_global_dtors_aux
                0x020022ac       0x2c d:/devkitpro/devkitarm/bin/../lib/gcc/arm-none-eabi/12.2.0/thumb/crtbegin.o
 .text.frame_dummy
                0x020022d8       0x24 d:/devkitpro/devkitarm/bin/../lib/gcc/arm-none-eabi/12.2.0/thumb/crtbegin.o
 .text.startup  0x020022fc      0x5e0 main.o
                0x020022fc                main
 .text.newRow   0x020028dc       0xa8 D:/devkitPro/libnds/lib\libnds9.a(console.o)
 .text.consolePrintChar
                0x02002984       0xe0 D:/devkitPro/libnds/lib\libnds9.a(console.o)
                0x02002984                consolePrintChar
 .text.con_write
                0x02002a64      0x36c D:/devkitPro/libnds/lib\libnds9.a(console.o)
                0x02002a64                con_write
 .text.consoleLoadFont
                0x02002dd0      0x2a0 D:/devkitPro/libnds/lib\libnds9.a(console.o)
                0x02002dd0                consoleLoadFont
 .text.consoleInit
                0x02003070      0x18c D:/devkitPro/libnds/lib\libnds9.a(console.o)
                0x02003070                consoleInit
 .text.consoleDemoInit
                0x020031fc       0x40 D:/devkitPro/libnds/lib\libnds9.a(console.o)
                0x020031fc                consoleDemoInit
 .text.consoleClear
                0x0200323c       0x10 D:/devkitPro/libnds/lib\libnds9.a(console.o)
                0x0200323c                consoleClear
 .text.SetOrtho
                0x0200324c      0x184 D:/devkitPro/libnds/lib\libnds9.a(gl2d.o)
                0x0200324c                SetOrtho
 .text.glScreen2D
                0x020033d0      0x540 D:/devkitPro/libnds/lib\libnds9.a(gl2d.o)
                0x020033d0                glScreen2D
 .text.glBegin2D
                0x02003910       0x84 D:/devkitPro/libnds/lib\libnds9.a(gl2d.o)
                0x02003910                glBegin2D
 .text.glEnd2D  0x02003994       0x1c D:/devkitPro/libnds/lib\libnds9.a(gl2d.o)
                0x02003994                glEnd2D
 .text.glBoxFilled
                0x020039b0       0x98 D:/devkitPro/libnds/lib\libnds9.a(gl2d.o)
                0x020039b0                glBoxFilled
 .text.glMaterialf
                0x02003a48       0x7c D:/devkitPro/libnds/lib\libnds9.a(videoGL.o)
                0x02003a48                glMaterialf
 .text.vramBlock_init
                0x02003ac4       0x5c D:/devkitPro/libnds/lib\libnds9.a(videoGL.o)
                0x02003ac4                vramBlock_init
 .text.glInit_C
                0x02003b20      0x1cc D:/devkitPro/libnds/lib\libnds9.a(videoGL.o)
                0x02003b20                glInit_C
 .text.glBindTexture
                0x02003cec       0x60 D:/devkitPro/libnds/lib\libnds9.a(videoGL.o)
                0x02003cec                glBindTexture
 .text.scanKeys
                0x02003d4c       0x8c D:/devkitPro/libnds/lib\libnds9.a(keys.o)
                0x02003d4c                scanKeys
 .text.keysHeld
                0x02003dd8        0xc D:/devkitPro/libnds/lib\libnds9.a(keys.o)
                0x02003dd8                keysHeld
 .text.__syscall_gettod_r
                0x02003de4       0x28 D:/devkitPro/libnds/lib\libnds9.a(initSystem.o)
                0x02003de4                __syscall_gettod_r
 .text.initSystem
                0x02003e0c      0x180 D:/devkitPro/libnds/lib\libnds9.a(initSystem.o)
                0x02003e0c                initSystem
 .text.irqDummy
                0x02003f8c        0x4 D:/devkitPro/libnds/lib\libnds9.a(interrupts.o)
                0x02003f8c                irqDummy
 .text.irqSet   0x02003f90       0x6c D:/devkitPro/libnds/lib\libnds9.a(interrupts.o)
                0x02003f90                irqSet
 .text.irqInit  0x02003ffc       0x50 D:/devkitPro/libnds/lib\libnds9.a(interrupts.o)
                0x02003ffc                irqInit
 .text.irqEnable
                0x0200404c       0x64 D:/devkitPro/libnds/lib\libnds9.a(interrupts.o)
                0x0200404c                irqEnable
 .text.systemErrorExit
                0x020040b0        0x4 D:/devkitPro/libnds/lib\libnds9.a(libnds_exit.arm.o)
                0x020040b0                systemErrorExit
 .text.__libnds_exit
                0x020040b4       0x5c D:/devkitPro/libnds/lib\libnds9.a(libnds_exit.arm.o)
                0x020040b4                __libnds_exit
 .text.fifo_queueBlock
                0x02004110       0x44 D:/devkitPro/libnds/lib\libnds9.a(fifosystem.o)
 .text.fifo_waitBlock
                0x02004154       0x80 D:/devkitPro/libnds/lib\libnds9.a(fifosystem.o)
 .text.fifoInternalSend.part.0
                0x020041d4       0xd4 D:/devkitPro/libnds/lib\libnds9.a(fifosystem.o)
 .text.fifoInternalSendInterrupt
                0x020042a8       0xb0 D:/devkitPro/libnds/lib\libnds9.a(fifosystem.o)
 .text.fifoSetValue32Handler
                0x02004358       0xd4 D:/devkitPro/libnds/lib\libnds9.a(fifosystem.o)
                0x02004358                fifoSetValue32Handler
 .text.fifoSendValue32
                0x0200442c       0x4c D:/devkitPro/libnds/lib\libnds9.a(fifosystem.o)
                0x0200442c                fifoSendValue32
 .text.fifoSendDatamsg
                0x02004478       0x90 D:/devkitPro/libnds/lib\libnds9.a(fifosystem.o)
                0x02004478                fifoSendDatamsg
 .text.fifoGetDatamsg
                0x02004508       0xf4 D:/devkitPro/libnds/lib\libnds9.a(fifosystem.o)
                0x02004508                fifoGetDatamsg
 .text.fifoInternalRecvInterrupt
                0x020045fc      0x37c D:/devkitPro/libnds/lib\libnds9.a(fifosystem.o)
 .text.fifoSetDatamsgHandler
                0x02004978       0x9c D:/devkitPro/libnds/lib\libnds9.a(fifosystem.o)
                0x02004978                fifoSetDatamsgHandler
 .text.fifoInit
                0x02004a14      0x108 D:/devkitPro/libnds/lib\libnds9.a(fifosystem.o)
                0x02004a14                fifoInit
 .text.__libnds_mpu_setup
                0x02004b1c      0x174 D:/devkitPro/libnds/lib\libnds9.a(mpu_setup.o)
                0x02004b1c                __libnds_mpu_setup
 .text.memUncached
                0x02004c90       0x20 D:/devkitPro/libnds/lib\libnds9.a(mpu_setup.o)
                0x02004c90                memUncached
 .text.swiWaitForVBlank
                0x02004cb0        0x8 D:/devkitPro/libnds/lib\libnds9.a(IntrWait.o)
                0x02004cb0                swiWaitForVBlank
 .text.swiIntrWait
                0x02004cb8       0x70 D:/devkitPro/libnds/lib\libnds9.a(IntrWait.o)
                0x02004cb8                swiIntrWait
 .text.setCpuClock
                0x02004d28       0x50 D:/devkitPro/libnds/lib\libnds9.a(cpu_clock.o)
                0x02004d28                setCpuClock
 .text.swiDelay
                0x02004d78        0x4 D:/devkitPro/libnds/lib\libnds9.a(biosCalls.o)
                0x02004d78                swiDelay
 .text.swiSoftReset
                0x02004d7c       0x2c D:/devkitPro/libnds/lib\libnds9.a(swiSoftReset.o)
                0x02004d7c                swiSoftReset
 .text.checkIfText
                0x02004da8       0x5c D:/devkitPro/libnds/lib\libnds9.a(background.o)
                0x02004da8                checkIfText
 .text.bgUpdate
                0x02004e04       0xf4 D:/devkitPro/libnds/lib\libnds9.a(background.o)
                0x02004e04                bgUpdate
 .text.bgInit_call
                0x02004ef8       0xc4 D:/devkitPro/libnds/lib\libnds9.a(background.o)
                0x02004ef8                bgInit_call
 .text.bgInitSub_call
                0x02004fbc       0xcc D:/devkitPro/libnds/lib\libnds9.a(background.o)
                0x02004fbc                bgInitSub_call
 .text.DynamicArrayInit
                0x02005088       0x18 D:/devkitPro/libnds/lib\libnds9.a(dynamicArray.o)
                0x02005088                DynamicArrayInit
 .text.DynamicArrayGet
                0x020050a0       0x18 D:/devkitPro/libnds/lib\libnds9.a(dynamicArray.o)
                0x020050a0                DynamicArrayGet
 .text.DynamicArraySet
                0x020050b8       0x48 D:/devkitPro/libnds/lib\libnds9.a(dynamicArray.o)
                0x020050b8                DynamicArraySet
 .text.sinLutLookup
                0x02005100       0x4c D:/devkitPro/libnds/lib\libnds9.a(trig.o)
                0x02005100                sinLutLookup
 .text.sinLerp  0x0200514c       0x40 D:/devkitPro/libnds/lib\libnds9.a(trig.o)
                0x0200514c                sinLerp
 .text.cosLerp  0x0200518c       0x4c D:/devkitPro/libnds/lib\libnds9.a(trig.o)
                0x0200518c                cosLerp
 .text.tanLerp  0x020051d8       0xb0 D:/devkitPro/libnds/lib\libnds9.a(trig.o)
                0x020051d8                tanLerp
 .text.vramDefault
                0x02005288       0xd0 D:/devkitPro/libnds/lib\libnds9.a(video.o)
                0x02005288                vramDefault
 .text.systemValueHandler
                0x02005358       0x48 D:/devkitPro/libnds/lib\libnds9.a(system.o)
                0x02005358                systemValueHandler
 .text.systemMsgHandler
                0x020053a0       0x60 D:/devkitPro/libnds/lib\libnds9.a(system.o)
                0x020053a0                systemMsgHandler
 .text.powerOn  0x02005400       0x2c D:/devkitPro/libnds/lib\libnds9.a(system.o)
                0x02005400                powerOn
 .text.cos      0x0200542c       0x88 d:/devkitpro/devkitarm/bin/../lib/gcc/arm-none-eabi/12.2.0/../../../../arm-none-eabi/lib/thumb\libm.a(libm_a-s_cos.o)
                0x0200542c                cos
 .text.sin      0x020054b4       0x8c d:/devkitpro/devkitarm/bin/../lib/gcc/arm-none-eabi/12.2.0/../../../../arm-none-eabi/lib/thumb\libm.a(libm_a-s_sin.o)
                0x020054b4                sin
 .text.__kernel_cos
                0x02005540      0x22c d:/devkitpro/devkitarm/bin/../lib/gcc/arm-none-eabi/12.2.0/../../../../arm-none-eabi/lib/thumb\libm.a(libm_a-k_cos.o)
                0x02005540                __kernel_cos
 .text.__kernel_sin
                0x0200576c      0x158 d:/devkitpro/devkitarm/bin/../lib/gcc/arm-none-eabi/12.2.0/../../../../arm-none-eabi/lib/thumb\libm.a(libm_a-k_sin.o)
                0x0200576c                __kernel_sin
 .text.__ieee754_rem_pio2
                0x020058c4      0x434 d:/devkitpro/devkitarm/bin/../lib/gcc/arm-none-eabi/12.2.0/../../../../arm-none-eabi/lib/thumb\libm.a(libm_a-e_rem_pio2.o)
                0x020058c4                __ieee754_rem_pio2
 .text.fabs     0x02005cf8        0x8 d:/devkitpro/devkitarm/bin/../lib/gcc/arm-none-eabi/12.2.0/../../../../arm-none-eabi/lib/thumb\libm.a(libm_a-s_fabs.o)
                0x02005cf8                fabs
 .text.__kernel_rem_pio2
                0x02005d00      0x8a0 d:/devkitpro/devkitarm/bin/../lib/gcc/arm-none-eabi/12.2.0/../../../../arm-none-eabi/lib/thumb\libm.a(libm_a-k_rem_pio2.o)
                0x02005d00                __kernel_rem_pio2
 .text.scalbn   0x020065a0       0xfc d:/devkitpro/devkitarm/bin/../lib/gcc/arm-none-eabi/12.2.0/../../../../arm-none-eabi/lib/thumb\libm.a(libm_a-s_scalbn.o)
                0x020065a0                scalbn
 .text.floor    0x0200669c      0x120 d:/devkitpro/devkitarm/bin/../lib/gcc/arm-none-eabi/12.2.0/../../../../arm-none-eabi/lib/thumb\libm.a(libm_a-s_floor.o)
                0x0200669c                floor
 .text.__muldi3
                0x020067bc       0x64 d:/devkitpro/devkitarm/bin/../lib/gcc/arm-none-eabi/12.2.0/thumb\libgcc.a(_muldi3.o)
                0x020067bc                __muldi3
                0x020067bc                __aeabi_lmul
 .text.calloc   0x02006820       0x18 d:/devkitpro/devkitarm/bin/../lib/gcc/arm-none-eabi/12.2.0/../../../../arm-none-eabi/lib/thumb\libg.a(libc_a-calloc.o)
                0x02006820                calloc
 .text._calloc_r
                0x02006838       0xb8 d:/devkitpro/devkitarm/bin/../lib/gcc/arm-none-eabi/12.2.0/../../../../arm-none-eabi/lib/thumb\libg.a(libc_a-callocr.o)
                0x02006838                _calloc_r
 .text.malloc   0x020068f0       0x14 d:/devkitpro/devkitarm/bin/../lib/gcc/arm-none-eabi/12.2.0/../../../../arm-none-eabi/lib/thumb\libg.a(libc_a-malloc.o)
                0x020068f0                malloc
 .text.free     0x02006904       0x14 d:/devkitpro/devkitarm/bin/../lib/gcc/arm-none-eabi/12.2.0/../../../../arm-none-eabi/lib/thumb\libg.a(libc_a-malloc.o)
                0x02006904                free
 .text._malloc_r
                0x02006918      0x560 d:/devkitpro/devkitarm/bin/../lib/gcc/arm-none-eabi/12.2.0/../../../../arm-none-eabi/lib/thumb\libg.a(libc_a-mallocr.o)
                0x02006918                _malloc_r
 .text.__malloc_lock
                0x02006e78       0x14 d:/devkitpro/devkitarm/bin/../lib/gcc/arm-none-eabi/12.2.0/../../../../arm-none-eabi/lib/thumb\libg.a(libc_a-mlock.o)
                0x02006e78                __malloc_lock
 .text.__malloc_unlock
                0x02006e8c       0x14 d:/devkitpro/devkitarm/bin/../lib/gcc/arm-none-eabi/12.2.0/../../../../arm-none-eabi/lib/thumb\libg.a(libc_a-mlock.o)
                0x02006e8c                __malloc_unlock
 .text.srand    0x02006ea0       0x18 d:/devkitpro/devkitarm/bin/../lib/gcc/arm-none-eabi/12.2.0/../../../../arm-none-eabi/lib/thumb\libg.a(libc_a-rand.o)
                0x02006ea0                srand
 .text.rand     0x02006eb8       0x34 d:/devkitpro/devkitarm/bin/../lib/gcc/arm-none-eabi/12.2.0/../../../../arm-none-eabi/lib/thumb\libg.a(libc_a-rand.o)
                0x02006eb8                rand
 .text.realloc  0x02006eec       0x18 d:/devkitpro/devkitarm/bin/../lib/gcc/arm-none-eabi/12.2.0/../../../../arm-none-eabi/lib/thumb\libg.a(libc_a-realloc.o)
                0x02006eec                realloc
 .text._realloc_r
                0x02006f04      0x384 d:/devkitpro/devkitarm/bin/../lib/gcc/arm-none-eabi/12.2.0/../../../../arm-none-eabi/lib/thumb\libg.a(libc_a-reallocr.o)
                0x02006f04                _realloc_r
 .text.iprintf  0x02007288       0x24 d:/devkitpro/devkitarm/bin/../lib/gcc/arm-none-eabi/12.2.0/../../../../arm-none-eabi/lib/thumb\libg.a(libc_a-iprintf.o)
                0x02007288                iprintf
 .text.siscanf  0x020072ac       0x4c d:/devkitpro/devkitarm/bin/../lib/gcc/arm-none-eabi/12.2.0/../../../../arm-none-eabi/lib/thumb\libg.a(libc_a-siscanf.o)
                0x020072ac                siscanf
 .text.get_arg  0x020072f8       0x32 d:/devkitpro/devkitarm/bin/../lib/gcc/arm-none-eabi/12.2.0/../../../../arm-none-eabi/lib/thumb\libg.a(libc_a-svfiscanf.o)
 .text._sungetc_r
                0x0200732a       0x7e d:/devkitpro/devkitarm/bin/../lib/gcc/arm-none-eabi/12.2.0/../../../../arm-none-eabi/lib/thumb\libg.a(libc_a-svfiscanf.o)
                0x0200732a                _sungetc_r
 .text.__ssrefill_r
                0x020073a8       0x42 d:/devkitpro/devkitarm/bin/../lib/gcc/arm-none-eabi/12.2.0/../../../../arm-none-eabi/lib/thumb\libg.a(libc_a-svfiscanf.o)
                0x020073a8                __ssrefill_r
 .text._sfread_r
                0x020073ea       0x88 d:/devkitpro/devkitarm/bin/../lib/gcc/arm-none-eabi/12.2.0/../../../../arm-none-eabi/lib/thumb\libg.a(libc_a-svfiscanf.o)
                0x020073ea                _sfread_r
 *fill*         0x02007472        0x2 ff
 .text.__ssvfiscanf_r
                0x02007474     0x1ac8 d:/devkitpro/devkitarm/bin/../lib/gcc/arm-none-eabi/12.2.0/../../../../arm-none-eabi/lib/thumb\libg.a(libc_a-svfiscanf.o)
                0x02007474                __ssvfiscanf_r
 .text.get_arg  0x02008f3c      0x438 d:/devkitpro/devkitarm/bin/../lib/gcc/arm-none-eabi/12.2.0/../../../../arm-none-eabi/lib/thumb\libg.a(libc_a-vfiprintf.o)
 .text.__sprint_r
                0x02009374       0x24 d:/devkitpro/devkitarm/bin/../lib/gcc/arm-none-eabi/12.2.0/../../../../arm-none-eabi/lib/thumb\libg.a(libc_a-vfiprintf.o)
                0x02009374                __sprint_r
 .text._vfiprintf_r
                0x02009398     0x1754 d:/devkitpro/devkitarm/bin/../lib/gcc/arm-none-eabi/12.2.0/../../../../arm-none-eabi/lib/thumb\libg.a(libc_a-vfiprintf.o)
                0x02009398                _vfiprintf_r
 .text.__sbprintf
                0x0200aaec       0x7c d:/devkitpro/devkitarm/bin/../lib/gcc/arm-none-eabi/12.2.0/../../../../arm-none-eabi/lib/thumb\libg.a(libc_a-vfiprintf.o)
 .text._fclose_r
                0x0200ab68       0xd8 d:/devkitpro/devkitarm/bin/../lib/gcc/arm-none-eabi/12.2.0/../../../../arm-none-eabi/lib/thumb\libg.a(libc_a-fclose.o)
                0x0200ab68                _fclose_r
 .text.fclose   0x0200ac40       0x14 d:/devkitpro/devkitarm/bin/../lib/gcc/arm-none-eabi/12.2.0/../../../../arm-none-eabi/lib/thumb\libg.a(libc_a-fclose.o)
                0x0200ac40                fclose
 .text.__sflush_r
                0x0200ac54      0x18c d:/devkitpro/devkitarm/bin/../lib/gcc/arm-none-eabi/12.2.0/../../../../arm-none-eabi/lib/thumb\libg.a(libc_a-fflush.o)
                0x0200ac54                __sflush_r
 .text._fflush_r
                0x0200ade0       0x70 d:/devkitpro/devkitarm/bin/../lib/gcc/arm-none-eabi/12.2.0/../../../../arm-none-eabi/lib/thumb\libg.a(libc_a-fflush.o)
                0x0200ade0                _fflush_r
 .text.stdio_exit_handler
                0x0200ae50       0x20 d:/devkitpro/devkitarm/bin/../lib/gcc/arm-none-eabi/12.2.0/../../../../arm-none-eabi/lib/thumb\libg.a(libc_a-findfp.o)
 .text.cleanup_stdio
                0x0200ae70       0x40 d:/devkitpro/devkitarm/bin/../lib/gcc/arm-none-eabi/12.2.0/../../../../arm-none-eabi/lib/thumb\libg.a(libc_a-findfp.o)
 .text.global_stdio_init.part.0
                0x0200aeb0      0x128 d:/devkitpro/devkitarm/bin/../lib/gcc/arm-none-eabi/12.2.0/../../../../arm-none-eabi/lib/thumb\libg.a(libc_a-findfp.o)
 .text.__sfp    0x0200afd8       0xcc d:/devkitpro/devkitarm/bin/../lib/gcc/arm-none-eabi/12.2.0/../../../../arm-none-eabi/lib/thumb\libg.a(libc_a-findfp.o)
                0x0200afd8                __sfp
 .text.__sinit  0x0200b0a4       0x3c d:/devkitpro/devkitarm/bin/../lib/gcc/arm-none-eabi/12.2.0/../../../../arm-none-eabi/lib/thumb\libg.a(libc_a-findfp.o)
                0x0200b0a4                __sinit
 .text.__sfp_lock_acquire
                0x0200b0e0       0x14 d:/devkitpro/devkitarm/bin/../lib/gcc/arm-none-eabi/12.2.0/../../../../arm-none-eabi/lib/thumb\libg.a(libc_a-findfp.o)
                0x0200b0e0                __sfp_lock_acquire
 .text.__sfp_lock_release
                0x0200b0f4       0x14 d:/devkitpro/devkitarm/bin/../lib/gcc/arm-none-eabi/12.2.0/../../../../arm-none-eabi/lib/thumb\libg.a(libc_a-findfp.o)
                0x0200b0f4                __sfp_lock_release
 .text._fopen_r
                0x0200b108       0xb8 d:/devkitpro/devkitarm/bin/../lib/gcc/arm-none-eabi/12.2.0/../../../../arm-none-eabi/lib/thumb\libg.a(libc_a-fopen.o)
                0x0200b108                _fopen_r
 .text.fopen    0x0200b1c0       0x18 d:/devkitpro/devkitarm/bin/../lib/gcc/arm-none-eabi/12.2.0/../../../../arm-none-eabi/lib/thumb\libg.a(libc_a-fopen.o)
                0x0200b1c0                fopen
 .text._fread_r
                0x0200b1d8      0x224 d:/devkitpro/devkitarm/bin/../lib/gcc/arm-none-eabi/12.2.0/../../../../arm-none-eabi/lib/thumb\libg.a(libc_a-fread.o)
                0x0200b1d8                _fread_r
 .text.fread    0x0200b3fc       0x24 d:/devkitpro/devkitarm/bin/../lib/gcc/arm-none-eabi/12.2.0/../../../../arm-none-eabi/lib/thumb\libg.a(libc_a-fread.o)
                0x0200b3fc                fread
 .text._fseek_r
                0x0200b420       0x18 d:/devkitpro/devkitarm/bin/../lib/gcc/arm-none-eabi/12.2.0/../../../../arm-none-eabi/lib/thumb\libg.a(libc_a-fseek.o)
                0x0200b420                _fseek_r
 .text.fseek    0x0200b438       0x24 d:/devkitpro/devkitarm/bin/../lib/gcc/arm-none-eabi/12.2.0/../../../../arm-none-eabi/lib/thumb\libg.a(libc_a-fseek.o)
                0x0200b438                fseek
 .text.__sfvwrite_r
                0x0200b45c      0x334 d:/devkitpro/devkitarm/bin/../lib/gcc/arm-none-eabi/12.2.0/../../../../arm-none-eabi/lib/thumb\libg.a(libc_a-fvwrite.o)
                0x0200b45c                __sfvwrite_r
 .text._fwalk_sglue
                0x0200b790       0x4c d:/devkitpro/devkitarm/bin/../lib/gcc/arm-none-eabi/12.2.0/../../../../arm-none-eabi/lib/thumb\libg.a(libc_a-fwalk.o)
                0x0200b790                _fwalk_sglue
 .text.__smakebuf_r
                0x0200b7dc       0xec d:/devkitpro/devkitarm/bin/../lib/gcc/arm-none-eabi/12.2.0/../../../../arm-none-eabi/lib/thumb\libg.a(libc_a-makebuf.o)
                0x0200b7dc                __smakebuf_r
 .text.__swhatbuf_r
                0x0200b8c8       0x5c d:/devkitpro/devkitarm/bin/../lib/gcc/arm-none-eabi/12.2.0/../../../../arm-none-eabi/lib/thumb\libg.a(libc_a-makebuf.o)
                0x0200b8c8                __swhatbuf_r
 .text.lflush   0x0200b924       0x24 d:/devkitpro/devkitarm/bin/../lib/gcc/arm-none-eabi/12.2.0/../../../../arm-none-eabi/lib/thumb\libg.a(libc_a-refill.o)
 .text.__srefill_r
                0x0200b948      0x10c d:/devkitpro/devkitarm/bin/../lib/gcc/arm-none-eabi/12.2.0/../../../../arm-none-eabi/lib/thumb\libg.a(libc_a-refill.o)
                0x0200b948                __srefill_r
 .text.__sccl   0x0200ba54       0x90 d:/devkitpro/devkitarm/bin/../lib/gcc/arm-none-eabi/12.2.0/../../../../arm-none-eabi/lib/thumb\libg.a(libc_a-sccl.o)
                0x0200ba54                __sccl
 .text.setvbuf  0x0200bae4      0x1a8 d:/devkitpro/devkitarm/bin/../lib/gcc/arm-none-eabi/12.2.0/../../../../arm-none-eabi/lib/thumb\libg.a(libc_a-setvbuf.o)
                0x0200bae4                setvbuf
 .text.__sread  0x0200bc8c       0x34 d:/devkitpro/devkitarm/bin/../lib/gcc/arm-none-eabi/12.2.0/../../../../arm-none-eabi/lib/thumb\libg.a(libc_a-stdio.o)
                0x0200bc8c                __sread
 .text.__seofread
                0x0200bcc0        0x4 d:/devkitpro/devkitarm/bin/../lib/gcc/arm-none-eabi/12.2.0/../../../../arm-none-eabi/lib/thumb\libg.a(libc_a-stdio.o)
                0x0200bcc0                __seofread
 .text.__swrite
                0x0200bcc4       0x4c d:/devkitpro/devkitarm/bin/../lib/gcc/arm-none-eabi/12.2.0/../../../../arm-none-eabi/lib/thumb\libg.a(libc_a-stdio.o)
                0x0200bcc4                __swrite
 .text.__sseek  0x0200bd10       0x44 d:/devkitpro/devkitarm/bin/../lib/gcc/arm-none-eabi/12.2.0/../../../../arm-none-eabi/lib/thumb\libg.a(libc_a-stdio.o)
                0x0200bd10                __sseek
 .text.__sclose
                0x0200bd54       0x10 d:/devkitpro/devkitarm/bin/../lib/gcc/arm-none-eabi/12.2.0/../../../../arm-none-eabi/lib/thumb\libg.a(libc_a-stdio.o)
                0x0200bd54                __sclose
 .text.__submore
                0x0200bd64       0x88 d:/devkitpro/devkitarm/bin/../lib/gcc/arm-none-eabi/12.2.0/../../../../arm-none-eabi/lib/thumb\libg.a(libc_a-ungetc.o)
                0x0200bd64                __submore
 .text.__swsetup_r
                0x0200bdec       0xc8 d:/devkitpro/devkitarm/bin/../lib/gcc/arm-none-eabi/12.2.0/../../../../arm-none-eabi/lib/thumb\libg.a(libc_a-wsetup.o)
                0x0200bdec                __swsetup_r
 .text._fseeko_r
                0x0200beb4      0x414 d:/devkitpro/devkitarm/bin/../lib/gcc/arm-none-eabi/12.2.0/../../../../arm-none-eabi/lib/thumb\libg.a(libc_a-fseeko.o)
                0x0200beb4                _fseeko_r
 .text.memmove  0x0200c2c8       0xc0 d:/devkitpro/devkitarm/bin/../lib/gcc/arm-none-eabi/12.2.0/../../../../arm-none-eabi/lib/thumb\libg.a(libc_a-memmove.o)
                0x0200c2c8                memmove
 .text.memset   0x0200c388       0xb0 d:/devkitpro/devkitarm/bin/../lib/gcc/arm-none-eabi/12.2.0/../../../../arm-none-eabi/lib/thumb\libg.a(libc_a-memset.o)
                0x0200c388                memset
 .text.strlen   0x0200c438       0x60 d:/devkitpro/devkitarm/bin/../lib/gcc/arm-none-eabi/12.2.0/../../../../arm-none-eabi/lib/thumb\libg.a(libc_a-strlen.o)
                0x0200c438                strlen
 .text.strncpy  0x0200c498       0x68 d:/devkitpro/devkitarm/bin/../lib/gcc/arm-none-eabi/12.2.0/../../../../arm-none-eabi/lib/thumb\libg.a(libc_a-strncpy.o)
                0x0200c498                strncpy
 .text.time     0x0200c500       0x38 d:/devkitpro/devkitarm/bin/../lib/gcc/arm-none-eabi/12.2.0/../../../../arm-none-eabi/lib/thumb\libg.a(libc_a-time.o)
                0x0200c500                time
 .text.__locale_mb_cur_max
                0x0200c538       0x20 d:/devkitpro/devkitarm/bin/../lib/gcc/arm-none-eabi/12.2.0/../../../../arm-none-eabi/lib/thumb\libg.a(libc_a-locale.o)
                0x0200c538                __locale_mb_cur_max
 .text._localeconv_r
                0x0200c558       0x1c d:/devkitpro/devkitarm/bin/../lib/gcc/arm-none-eabi/12.2.0/../../../../arm-none-eabi/lib/thumb\libg.a(libc_a-localeconv.o)
                0x0200c558                _localeconv_r
 .text.__errno  0x0200c574        0xc d:/devkitpro/devkitarm/bin/../lib/gcc/arm-none-eabi/12.2.0/../../../../arm-none-eabi/lib/thumb\libg.a(libc_a-errno.o)
                0x0200c574                __errno
 .text.__libc_init_array
                0x0200c580       0x54 d:/devkitpro/devkitarm/bin/../lib/gcc/arm-none-eabi/12.2.0/../../../../arm-none-eabi/lib/thumb\libg.a(libc_a-init.o)
                0x0200c580                __libc_init_array
 .text.memchr   0x0200c5d4       0x78 d:/devkitpro/devkitarm/bin/../lib/gcc/arm-none-eabi/12.2.0/../../../../arm-none-eabi/lib/thumb\libg.a(libc_a-memchr-stub.o)
                0x0200c5d4                memchr
 .text.memcpy   0x0200c64c       0x94 d:/devkitpro/devkitarm/bin/../lib/gcc/arm-none-eabi/12.2.0/../../../../arm-none-eabi/lib/thumb\libg.a(libc_a-memcpy-stub.o)
                0x0200c64c                memcpy
 .text._malloc_trim_r
                0x0200c6e0       0xac d:/devkitpro/devkitarm/bin/../lib/gcc/arm-none-eabi/12.2.0/../../../../arm-none-eabi/lib/thumb\libg.a(libc_a-freer.o)
                0x0200c6e0                _malloc_trim_r
 .text._free_r  0x0200c78c      0x1d8 d:/devkitpro/devkitarm/bin/../lib/gcc/arm-none-eabi/12.2.0/../../../../arm-none-eabi/lib/thumb\libg.a(libc_a-freer.o)
                0x0200c78c                _free_r
 .text.__utf8_mbtowc
                0x0200c964      0x27c d:/devkitpro/devkitarm/bin/../lib/gcc/arm-none-eabi/12.2.0/../../../../arm-none-eabi/lib/thumb\libg.a(libc_a-mbtowc_r.o)
                0x0200c964                __utf8_mbtowc
 .text._strtol_l.part.0
                0x0200cbe0      0x144 d:/devkitpro/devkitarm/bin/../lib/gcc/arm-none-eabi/12.2.0/../../../../arm-none-eabi/lib/thumb\libg.a(libc_a-strtol.o)
 .text._strtol_r
                0x0200cd24       0x34 d:/devkitpro/devkitarm/bin/../lib/gcc/arm-none-eabi/12.2.0/../../../../arm-none-eabi/lib/thumb\libg.a(libc_a-strtol.o)
                0x0200cd24                _strtol_r
 .text._strtoul_l.constprop.0
                0x0200cd58      0x144 d:/devkitpro/devkitarm/bin/../lib/gcc/arm-none-eabi/12.2.0/../../../../arm-none-eabi/lib/thumb\libg.a(libc_a-strtoul.o)
 .text._strtoul_r
                0x0200ce9c       0x20 d:/devkitpro/devkitarm/bin/../lib/gcc/arm-none-eabi/12.2.0/../../../../arm-none-eabi/lib/thumb\libg.a(libc_a-strtoul.o)
                0x0200ce9c                _strtoul_r
 .text.__utf8_wctomb
                0x0200cebc       0xb4 d:/devkitpro/devkitarm/bin/../lib/gcc/arm-none-eabi/12.2.0/../../../../arm-none-eabi/lib/thumb\libg.a(libc_a-wctomb_r.o)
                0x0200cebc                __utf8_wctomb
 .text._strtoll_l.constprop.0
                0x0200cf70      0x1a0 d:/devkitpro/devkitarm/bin/../lib/gcc/arm-none-eabi/12.2.0/../../../../arm-none-eabi/lib/thumb\libg.a(libc_a-strtoll.o)
 .text._strtoll_r
                0x0200d110       0x20 d:/devkitpro/devkitarm/bin/../lib/gcc/arm-none-eabi/12.2.0/../../../../arm-none-eabi/lib/thumb\libg.a(libc_a-strtoll.o)
                0x0200d110                _strtoll_r
 .text._strtoull_l.constprop.0
                0x0200d130      0x1bc d:/devkitpro/devkitarm/bin/../lib/gcc/arm-none-eabi/12.2.0/../../../../arm-none-eabi/lib/thumb\libg.a(libc_a-strtoull.o)
 .text._strtoull_r
                0x0200d2ec       0x20 d:/devkitpro/devkitarm/bin/../lib/gcc/arm-none-eabi/12.2.0/../../../../arm-none-eabi/lib/thumb\libg.a(libc_a-strtoull.o)
                0x0200d2ec                _strtoull_r
 .text.memalign
                0x0200d30c       0x18 d:/devkitpro/devkitarm/bin/../lib/gcc/arm-none-eabi/12.2.0/../../../../arm-none-eabi/lib/thumb\libg.a(libc_a-malign.o)
                0x0200d30c                memalign
 .text._memalign_r
                0x0200d324      0x128 d:/devkitpro/devkitarm/bin/../lib/gcc/arm-none-eabi/12.2.0/../../../../arm-none-eabi/lib/thumb\libg.a(libc_a-malignr.o)
                0x0200d324                _memalign_r
 .text._mbrtowc_r
                0x0200d44c       0x90 d:/devkitpro/devkitarm/bin/../lib/gcc/arm-none-eabi/12.2.0/../../../../arm-none-eabi/lib/thumb\libg.a(libc_a-mbrtowc.o)
                0x0200d44c                _mbrtowc_r
 .text._wcrtomb_r
                0x0200d4dc       0x84 d:/devkitpro/devkitarm/bin/../lib/gcc/arm-none-eabi/12.2.0/../../../../arm-none-eabi/lib/thumb\libg.a(libc_a-wcrtomb.o)
                0x0200d4dc                _wcrtomb_r
 .text._wcsrtombs_r
                0x0200d560       0x1c d:/devkitpro/devkitarm/bin/../lib/gcc/arm-none-eabi/12.2.0/../../../../arm-none-eabi/lib/thumb\libg.a(libc_a-wcsrtombs.o)
                0x0200d560                _wcsrtombs_r
 .text.iswspace
                0x0200d57c       0x10 d:/devkitpro/devkitarm/bin/../lib/gcc/arm-none-eabi/12.2.0/../../../../arm-none-eabi/lib/thumb\libg.a(libc_a-iswspace.o)
                0x0200d57c                iswspace
 .text.iswspace_l
                0x0200d58c       0x28 d:/devkitpro/devkitarm/bin/../lib/gcc/arm-none-eabi/12.2.0/../../../../arm-none-eabi/lib/thumb\libg.a(libc_a-iswspace_l.o)
                0x0200d58c                iswspace_l
 .text.__sflags
                0x0200d5b4       0xa4 d:/devkitpro/devkitarm/bin/../lib/gcc/arm-none-eabi/12.2.0/../../../../arm-none-eabi/lib/thumb\libg.a(libc_a-flags.o)
                0x0200d5b4                __sflags
 .text.strchr   0x0200d658       0xc8 d:/devkitpro/devkitarm/bin/../lib/gcc/arm-none-eabi/12.2.0/../../../../arm-none-eabi/lib/thumb\libg.a(libc_a-strchr.o)
                0x0200d658                strchr
 .text.strncmp  0x0200d720       0x78 d:/devkitpro/devkitarm/bin/../lib/gcc/arm-none-eabi/12.2.0/../../../../arm-none-eabi/lib/thumb\libg.a(libc_a-strncmp.o)
                0x0200d720                strncmp
 .text._wcsnrtombs_l
                0x0200d798      0x11c d:/devkitpro/devkitarm/bin/../lib/gcc/arm-none-eabi/12.2.0/../../../../arm-none-eabi/lib/thumb\libg.a(libc_a-wcsnrtombs.o)
                0x0200d798                _wcsnrtombs_l
 .text._wcsnrtombs_r
                0x0200d8b4       0x40 d:/devkitpro/devkitarm/bin/../lib/gcc/arm-none-eabi/12.2.0/../../../../arm-none-eabi/lib/thumb\libg.a(libc_a-wcsnrtombs.o)
                0x0200d8b4                _wcsnrtombs_r
 .text.category
                0x0200d8f4       0x54 d:/devkitpro/devkitarm/bin/../lib/gcc/arm-none-eabi/12.2.0/../../../../arm-none-eabi/lib/thumb\libg.a(libc_a-categories.o)
                0x0200d8f4                category
 .text.build_argv
                0x0200d948       0x54 d:/devkitpro/devkitarm/bin/../lib/gcc/arm-none-eabi/12.2.0/../../../../arm-none-eabi/lib/thumb\libsysbase.a(libsysbase_libsysbase_a-build_argv.o)
                0x0200d948                build_argv
 .text._fstat_r
                0x0200d99c       0x4c d:/devkitpro/devkitarm/bin/../lib/gcc/arm-none-eabi/12.2.0/../../../../arm-none-eabi/lib/thumb\libsysbase.a(libsysbase_libsysbase_a-fstat.o)
                0x0200d99c                _fstat_r
 .text.__getreent
                0x0200d9e8       0x20 d:/devkitpro/devkitarm/bin/../lib/gcc/arm-none-eabi/12.2.0/../../../../arm-none-eabi/lib/thumb\libsysbase.a(libsysbase_libsysbase_a-getreent.o)
                0x0200d9e8                __getreent
 .text._gettimeofday_r
                0x0200da08       0x20 d:/devkitpro/devkitarm/bin/../lib/gcc/arm-none-eabi/12.2.0/../../../../arm-none-eabi/lib/thumb\libsysbase.a(libsysbase_libsysbase_a-gettod.o)
                0x0200da08                _gettimeofday_r
 .text.__release_handle
                0x0200da28       0x68 d:/devkitpro/devkitarm/bin/../lib/gcc/arm-none-eabi/12.2.0/../../../../arm-none-eabi/lib/thumb\libsysbase.a(libsysbase_libsysbase_a-handle_manager.o)
                0x0200da28                __release_handle
 .text.__alloc_handle
                0x0200da90       0x7c d:/devkitpro/devkitarm/bin/../lib/gcc/arm-none-eabi/12.2.0/../../../../arm-none-eabi/lib/thumb\libsysbase.a(libsysbase_libsysbase_a-handle_manager.o)
                0x0200da90                __alloc_handle
 .text.__get_handle
                0x0200db0c       0x34 d:/devkitpro/devkitarm/bin/../lib/gcc/arm-none-eabi/12.2.0/../../../../arm-none-eabi/lib/thumb\libsysbase.a(libsysbase_libsysbase_a-handle_manager.o)
                0x0200db0c                __get_handle
 .text._close_r
                0x0200db40       0xb8 d:/devkitpro/devkitarm/bin/../lib/gcc/arm-none-eabi/12.2.0/../../../../arm-none-eabi/lib/thumb\libsysbase.a(libsysbase_libsysbase_a-handle_manager.o)
                0x0200db40                _close_r
 .text.null_write
                0x0200dbf8        0x4 d:/devkitpro/devkitarm/bin/../lib/gcc/arm-none-eabi/12.2.0/../../../../arm-none-eabi/lib/thumb\libsysbase.a(libsysbase_libsysbase_a-iosupport.o)
 .text.FindDevice
                0x0200dbfc       0x98 d:/devkitpro/devkitarm/bin/../lib/gcc/arm-none-eabi/12.2.0/../../../../arm-none-eabi/lib/thumb\libsysbase.a(libsysbase_libsysbase_a-iosupport.o)
                0x0200dbfc                FindDevice
 .text._isatty_r
                0x0200dc94        0x4 d:/devkitpro/devkitarm/bin/../lib/gcc/arm-none-eabi/12.2.0/../../../../arm-none-eabi/lib/thumb\libsysbase.a(libsysbase_libsysbase_a-isatty.o)
                0x0200dc94                _isatty_r
 .text._lseek_r
                0x0200dc98       0x5c d:/devkitpro/devkitarm/bin/../lib/gcc/arm-none-eabi/12.2.0/../../../../arm-none-eabi/lib/thumb\libsysbase.a(libsysbase_libsysbase_a-lseek.o)
                0x0200dc98                _lseek_r
 .text._open_r  0x0200dcf4       0x98 d:/devkitpro/devkitarm/bin/../lib/gcc/arm-none-eabi/12.2.0/../../../../arm-none-eabi/lib/thumb\libsysbase.a(libsysbase_libsysbase_a-open.o)
                0x0200dcf4                _open_r
 .text._read_r  0x0200dd8c       0x50 d:/devkitpro/devkitarm/bin/../lib/gcc/arm-none-eabi/12.2.0/../../../../arm-none-eabi/lib/thumb\libsysbase.a(libsysbase_libsysbase_a-read.o)
                0x0200dd8c                _read_r
 .text._sbrk_r  0x0200dddc       0x54 d:/devkitpro/devkitarm/bin/../lib/gcc/arm-none-eabi/12.2.0/../../../../arm-none-eabi/lib/thumb\libsysbase.a(libsysbase_libsysbase_a-sbrk.o)
                0x0200dddc                _sbrk_r
 .text.__libc_lock_acquire
                0x0200de30       0x18 d:/devkitpro/devkitarm/bin/../lib/gcc/arm-none-eabi/12.2.0/../../../../arm-none-eabi/lib/thumb\libsysbase.a(libsysbase_libsysbase_a-syscall_support.o)
                0x0200de30                __libc_lock_acquire
 .text.__libc_lock_release
                0x0200de48       0x18 d:/devkitpro/devkitarm/bin/../lib/gcc/arm-none-eabi/12.2.0/../../../../arm-none-eabi/lib/thumb\libsysbase.a(libsysbase_libsysbase_a-syscall_support.o)
                0x0200de48                __libc_lock_release
 .text.__libc_lock_acquire_recursive
                0x0200de60       0x18 d:/devkitpro/devkitarm/bin/../lib/gcc/arm-none-eabi/12.2.0/../../../../arm-none-eabi/lib/thumb\libsysbase.a(libsysbase_libsysbase_a-syscall_support.o)
                0x0200de60                __libc_lock_acquire_recursive
 .text.__libc_lock_release_recursive
                0x0200de78       0x18 d:/devkitpro/devkitarm/bin/../lib/gcc/arm-none-eabi/12.2.0/../../../../arm-none-eabi/lib/thumb\libsysbase.a(libsysbase_libsysbase_a-syscall_support.o)
                0x0200de78                __libc_lock_release_recursive
 .text._write_r
                0x0200de90       0x50 d:/devkitpro/devkitarm/bin/../lib/gcc/arm-none-eabi/12.2.0/../../../../arm-none-eabi/lib/thumb\libsysbase.a(libsysbase_libsysbase_a-write.o)
                0x0200de90                _write_r
 .text.__udivmoddi4
                0x0200dee0      0x19c d:/devkitpro/devkitarm/bin/../lib/gcc/arm-none-eabi/12.2.0/thumb\libgcc.a(_udivmoddi4.o)
                0x0200dee0                __udivmoddi4
 *fill*         0x0200e07c        0x4 ff
 .text.__udivmoddi4.__stub
                0x0200e080      0x110 linker stubs
 *(EXCLUDE_FILE(*.twl*) .gnu.warning)
 *(EXCLUDE_FILE(*.twl*) .gnu.linkonce.t*)
 *(.glue_7)
 .glue_7        0x0200e1a0        0x0 linker stubs
 *(.glue_7t)
 .glue_7t       0x0200e1a0        0x0 linker stubs
                0x0200e1a0                        . = ALIGN (0x4)

.vfp11_veneer   0x0200e1a0        0x0
 .vfp11_veneer  0x0200e1a0        0x0 linker stubs

.v4_bx          0x0200e1a0        0x0
 .v4_bx         0x0200e1a0        0x0 linker stubs

.iplt           0x0200e1a0        0x0
 .iplt          0x0200e1a0        0x0 d:/devkitpro/devkitarm/bin/../lib/gcc/arm-none-eabi/12.2.0/../../../../arm-none-eabi/lib/thumb/ds_arm9_crt0.o

.fini           0x0200e1a0        0xc
 *(.fini)
 .fini          0x0200e1a0        0x4 d:/devkitpro/devkitarm/bin/../lib/gcc/arm-none-eabi/12.2.0/thumb/crti.o
                0x0200e1a0                _fini
 .fini          0x0200e1a4        0x8 d:/devkitpro/devkitarm/bin/../lib/gcc/arm-none-eabi/12.2.0/thumb/crtn.o
                0x0200e1ac                        __text_end = .

.rodata         0x0200e1b0    0x67a88
 *(EXCLUDE_FILE(*.twl*) .rodata)
 .rodata        0x0200e1b0       0x30 main.o
 *all.rodata*(*)
 *(EXCLUDE_FILE(*.twl*) .roda)
 *(EXCLUDE_FILE(*.twl*) .rodata.*)
 .rodata.soundbank_bin
                0x0200e1e0    0x619f8 soundbank.bin.o
                0x0200e1e0                soundbank_bin
                0x0206fbd8                soundbank_bin_end
 .rodata.str1.4
                0x0206fbd8       0x7c main.o
                                 0x80 (size before relaxing)
 .rodata.con_write.str1.4
                0x0206fc54       0x30 D:/devkitPro/libnds/lib\libnds9.a(console.o)
 .rodata.con_write
                0x0206fc84       0xd4 D:/devkitPro/libnds/lib\libnds9.a(console.o)
 .rodata.consoleClear.str1.4
                0x0206fd58        0x5 D:/devkitPro/libnds/lib\libnds9.a(console.o)
 *fill*         0x0206fd5d        0x3 ff
 .rodata.str1.4
                0x0206fd60       0x14 D:/devkitPro/libnds/lib\libnds9.a(console.o)
 .rodata.dotab_stdout
                0x0206fd74       0x70 D:/devkitPro/libnds/lib\libnds9.a(console.o)
 .rodata.glMaterialf
                0x0206fde4       0x44 D:/devkitPro/libnds/lib\libnds9.a(videoGL.o)
 .rodata.default_font_bin
                0x0206fe28     0x2000 D:/devkitPro/libnds/lib\libnds9.a(default_font.bin.o)
                0x0206fe28                default_font_bin
                0x02071e28                default_font_bin_end
 .rodata.SIN_LUT
                0x02071e28      0x102 D:/devkitPro/libnds/lib\libnds9.a(trig.o)
                0x02071e28                SIN_LUT
 *fill*         0x02071f2a        0x2 ff
 .rodata.TAN_LUT
                0x02071f2c      0x204 D:/devkitPro/libnds/lib\libnds9.a(trig.o)
                0x02071f2c                TAN_LUT
 .rodata.npio2_hw
                0x02072130       0x80 d:/devkitpro/devkitarm/bin/../lib/gcc/arm-none-eabi/12.2.0/../../../../arm-none-eabi/lib/thumb\libm.a(libm_a-e_rem_pio2.o)
 .rodata.two_over_pi
                0x020721b0      0x108 d:/devkitpro/devkitarm/bin/../lib/gcc/arm-none-eabi/12.2.0/../../../../arm-none-eabi/lib/thumb\libm.a(libm_a-e_rem_pio2.o)
 .rodata.PIo2   0x020722b8       0x40 d:/devkitpro/devkitarm/bin/../lib/gcc/arm-none-eabi/12.2.0/../../../../arm-none-eabi/lib/thumb\libm.a(libm_a-k_rem_pio2.o)
 .rodata.init_jk
                0x020722f8       0x10 d:/devkitpro/devkitarm/bin/../lib/gcc/arm-none-eabi/12.2.0/../../../../arm-none-eabi/lib/thumb\libm.a(libm_a-k_rem_pio2.o)
 .rodata.basefix.0
                0x02072308       0x22 d:/devkitpro/devkitarm/bin/../lib/gcc/arm-none-eabi/12.2.0/../../../../arm-none-eabi/lib/thumb\libg.a(libc_a-svfiscanf.o)
 .rodata._vfiprintf_r.str1.1
                0x0207232a       0x29 d:/devkitpro/devkitarm/bin/../lib/gcc/arm-none-eabi/12.2.0/../../../../arm-none-eabi/lib/thumb\libg.a(libc_a-vfiprintf.o)
 *fill*         0x02072353        0x1 ff
 .rodata.zeroes.0
                0x02072354       0x10 d:/devkitpro/devkitarm/bin/../lib/gcc/arm-none-eabi/12.2.0/../../../../arm-none-eabi/lib/thumb\libg.a(libc_a-vfiprintf.o)
 .rodata.blanks.1
                0x02072364       0x10 d:/devkitpro/devkitarm/bin/../lib/gcc/arm-none-eabi/12.2.0/../../../../arm-none-eabi/lib/thumb\libg.a(libc_a-vfiprintf.o)
 .rodata.str1.4
                0x02072374       0x48 d:/devkitpro/devkitarm/bin/../lib/gcc/arm-none-eabi/12.2.0/../../../../arm-none-eabi/lib/thumb\libg.a(libc_a-locale.o)
                                 0x4c (size before relaxing)
 .rodata._mbrtowc_r.str1.4
                0x020723bc        0x1 d:/devkitpro/devkitarm/bin/../lib/gcc/arm-none-eabi/12.2.0/../../../../arm-none-eabi/lib/thumb\libg.a(libc_a-mbrtowc.o)
 .rodata._ctype_
                0x020723bc      0x101 d:/devkitpro/devkitarm/bin/../lib/gcc/arm-none-eabi/12.2.0/../../../../arm-none-eabi/lib/thumb\libg.a(libc_a-ctype_.o)
                0x020723bc                _ctype_
 *fill*         0x020724bd        0x3 ff
 .rodata.__action_table
                0x020724c0       0x6c d:/devkitpro/devkitarm/bin/../lib/gcc/arm-none-eabi/12.2.0/../../../../arm-none-eabi/lib/thumb\libg.a(libc_a-svfiprintf.o)
                0x020724c0                __action_table
 .rodata.__state_table
                0x0207252c       0x6c d:/devkitpro/devkitarm/bin/../lib/gcc/arm-none-eabi/12.2.0/../../../../arm-none-eabi/lib/thumb\libg.a(libc_a-svfiprintf.o)
                0x0207252c                __state_table
 .rodata.__chclass
                0x02072598      0x100 d:/devkitpro/devkitarm/bin/../lib/gcc/arm-none-eabi/12.2.0/../../../../arm-none-eabi/lib/thumb\libg.a(libc_a-svfiprintf.o)
                0x02072598                __chclass
 .rodata.categories
                0x02072698     0x3528 d:/devkitpro/devkitarm/bin/../lib/gcc/arm-none-eabi/12.2.0/../../../../arm-none-eabi/lib/thumb\libg.a(libc_a-categories.o)
 .rodata.AddDevice.str1.4
                0x02075bc0        0x8 d:/devkitpro/devkitarm/bin/../lib/gcc/arm-none-eabi/12.2.0/../../../../arm-none-eabi/lib/thumb\libsysbase.a(libsysbase_libsysbase_a-iosupport.o)
 .rodata.dotab_stdnull
                0x02075bc8       0x70 d:/devkitpro/devkitarm/bin/../lib/gcc/arm-none-eabi/12.2.0/../../../../arm-none-eabi/lib/thumb\libsysbase.a(libsysbase_libsysbase_a-iosupport.o)
                0x02075bc8                dotab_stdnull
 *(EXCLUDE_FILE(*.twl*) .gnu.linkonce.r*)
                0x02075c38                        . = ALIGN (0x4)

.ARM.extab
 *(.ARM.extab* .gnu.linkonce.armextab.*)
                0x02075c38                        __exidx_start = .

ARM.exidx
 *(.ARM.exidx* .gnu.linkonce.armexidx.*)
                0x02075c38                        __exidx_end = .
                0x02075c38                        . = ALIGN (0x4)
                0x02075c38                        PROVIDE (__preinit_array_start = .)

.preinit_array
 *(.preinit_array)
                0x02075c38                        PROVIDE (__preinit_array_end = .)
                0x02075c38                        PROVIDE (__init_array_start = .)

.init_array     0x02075c38        0x4
 *(SORT_BY_NAME(.init_array.*))
 *(.init_array)
 .init_array    0x02075c38        0x4 d:/devkitpro/devkitarm/bin/../lib/gcc/arm-none-eabi/12.2.0/thumb/crtbegin.o
                0x02075c3c                        PROVIDE (__init_array_end = .)
                [!provide]                        PROVIDE (__fini_array_start = .)

.fini_array     0x02075c3c        0x4
 *(.fini_array)
 .fini_array    0x02075c3c        0x4 d:/devkitpro/devkitarm/bin/../lib/gcc/arm-none-eabi/12.2.0/thumb/crtbegin.o
 *(SORT_BY_NAME(.fini_array.*))
                [!provide]                        PROVIDE (__fini_array_end = .)

.ctors          0x02075c40        0x0
 *crtbegin.o(.ctors)
 *(EXCLUDE_FILE(*crtend.o) .ctors)
 *(SORT_BY_NAME(.ctors.*))
 *(.ctors)
                0x02075c40                        . = ALIGN (0x4)

.dtors          0x02075c40        0x0
 *crtbegin.o(.dtors)
 *(EXCLUDE_FILE(*crtend.o) .dtors)
 *(SORT_BY_NAME(.dtors.*))
 *(.dtors)
                0x02075c40                        . = ALIGN (0x4)

.eh_frame       0x02075c40        0x4
 *(.eh_frame)
 .eh_frame      0x02075c40        0x0 d:/devkitpro/devkitarm/bin/../lib/gcc/arm-none-eabi/12.2.0/thumb/crtbegin.o
 .eh_frame      0x02075c40        0x4 d:/devkitpro/devkitarm/bin/../lib/gcc/arm-none-eabi/12.2.0/thumb/crtend.o
                0x02075c44                        . = ALIGN (0x4)

.rel.dyn        0x02075c44        0x0
 .rel.iplt      0x02075c44        0x0 d:/devkitpro/devkitarm/bin/../lib/gcc/arm-none-eabi/12.2.0/../../../../arm-none-eabi/lib/thumb/ds_arm9_crt0.o

.gcc_except_table
                0x02075c44        0x0
 *(.gcc_except_table)
                0x02075c44                        . = ALIGN (0x4)

.jcr
 *(.jcr)

.got
 *(.got.plt)
 *(.got)
 *(.rel.got)

.ewram          0x02075c44        0x0
                0x02075c44                        __ewram_start = ABSOLUTE (.)
 *(.ewram)
 *ewram.*(.text)
                0x02075c44                        . = ALIGN (0x4)

.data           0x02075c44     0x1868
                0x02075c44                        __data_start = ABSOLUTE (.)
 *(EXCLUDE_FILE(*.twl*) .data)
 .data          0x02075c44       0x28 D:/devkitPro/libnds/lib\libnds9.a(mpu_setup.o)
 *(EXCLUDE_FILE(*.twl*) .data.*)
 .data.currentConsole
                0x02075c6c        0x4 D:/devkitPro/libnds/lib\libnds9.a(console.o)
                0x02075c6c                currentConsole
 .data.defaultConsole
                0x02075c70       0x5c D:/devkitPro/libnds/lib\libnds9.a(console.o)
                0x02075c70                defaultConsole
 .data.firstConsoleInit.0
                0x02075ccc        0x1 D:/devkitPro/libnds/lib\libnds9.a(console.o)
 *fill*         0x02075ccd        0x3 ff
 .data.glGlob   0x02075cd0        0x4 D:/devkitPro/libnds/lib\libnds9.a(videoGL.o)
 .data.count    0x02075cd4        0x1 D:/devkitPro/libnds/lib\libnds9.a(keys.o)
 .data.delay    0x02075cd5        0x1 D:/devkitPro/libnds/lib\libnds9.a(keys.o)
 .data.repeat   0x02075cd6        0x1 D:/devkitPro/libnds/lib\libnds9.a(keys.o)
 *fill*         0x02075cd7        0x1 ff
 .data.fifo_buffer_free
                0x02075cd8        0x4 D:/devkitPro/libnds/lib\libnds9.a(fifosystem.o)
                0x02075cd8                fifo_buffer_free
 .data.fifo_freewords
                0x02075cdc        0x4 D:/devkitPro/libnds/lib\libnds9.a(fifosystem.o)
                0x02075cdc                fifo_freewords
 .data.fifo_receive_queue
                0x02075ce0        0x4 D:/devkitPro/libnds/lib\libnds9.a(fifosystem.o)
                0x02075ce0                fifo_receive_queue
 .data.fifo_send_queue
                0x02075ce4        0x4 D:/devkitPro/libnds/lib\libnds9.a(fifosystem.o)
                0x02075ce4                fifo_send_queue
 .data.bgControl
                0x02075ce8       0x20 D:/devkitPro/libnds/lib\libnds9.a(background.o)
                0x02075ce8                bgControl
 .data.bgScrollTable
                0x02075d08       0x20 D:/devkitPro/libnds/lib\libnds9.a(background.o)
                0x02075d08                bgScrollTable
 .data.bgTransform
                0x02075d28       0x20 D:/devkitPro/libnds/lib\libnds9.a(background.o)
                0x02075d28                bgTransform
 .data.__malloc_sbrk_base
                0x02075d48        0x4 d:/devkitpro/devkitarm/bin/../lib/gcc/arm-none-eabi/12.2.0/../../../../arm-none-eabi/lib/thumb\libg.a(libc_a-mallocr.o)
                0x02075d48                __malloc_sbrk_base
 .data.__malloc_trim_threshold
                0x02075d4c        0x4 d:/devkitpro/devkitarm/bin/../lib/gcc/arm-none-eabi/12.2.0/../../../../arm-none-eabi/lib/thumb\libg.a(libc_a-mallocr.o)
                0x02075d4c                __malloc_trim_threshold
 .data.__malloc_av_
                0x02075d50      0x408 d:/devkitpro/devkitarm/bin/../lib/gcc/arm-none-eabi/12.2.0/../../../../arm-none-eabi/lib/thumb\libg.a(libc_a-mallocr.o)
                0x02075d50                __malloc_av_
 .data.__sglue  0x02076158        0xc d:/devkitpro/devkitarm/bin/../lib/gcc/arm-none-eabi/12.2.0/../../../../arm-none-eabi/lib/thumb\libg.a(libc_a-findfp.o)
                0x02076158                __sglue
 .data.__global_locale
                0x02076164      0x16c d:/devkitpro/devkitarm/bin/../lib/gcc/arm-none-eabi/12.2.0/../../../../arm-none-eabi/lib/thumb\libg.a(libc_a-locale.o)
                0x02076164                __global_locale
 .data._impure_ptr
                0x020762d0        0x4 d:/devkitpro/devkitarm/bin/../lib/gcc/arm-none-eabi/12.2.0/../../../../arm-none-eabi/lib/thumb\libg.a(libc_a-impure.o)
                0x020762d0                _impure_ptr
 *fill*         0x020762d4        0x4 ff
 .data._impure_data
                0x020762d8      0x120 d:/devkitpro/devkitarm/bin/../lib/gcc/arm-none-eabi/12.2.0/../../../../arm-none-eabi/lib/thumb\libg.a(libc_a-impure.o)
                0x020762d8                _impure_data
 .data.handles  0x020763f8     0x1000 d:/devkitpro/devkitarm/bin/../lib/gcc/arm-none-eabi/12.2.0/../../../../arm-none-eabi/lib/thumb\libsysbase.a(libsysbase_libsysbase_a-handle_manager.o)
 .data.__stderr_handle
                0x020773f8        0xc d:/devkitpro/devkitarm/bin/../lib/gcc/arm-none-eabi/12.2.0/../../../../arm-none-eabi/lib/thumb\libsysbase.a(libsysbase_libsysbase_a-handle_manager.o)
 .data.__stdout_handle
                0x02077404        0xc d:/devkitpro/devkitarm/bin/../lib/gcc/arm-none-eabi/12.2.0/../../../../arm-none-eabi/lib/thumb\libsysbase.a(libsysbase_libsysbase_a-handle_manager.o)
 .data.__stdin_handle
                0x02077410        0xc d:/devkitpro/devkitarm/bin/../lib/gcc/arm-none-eabi/12.2.0/../../../../arm-none-eabi/lib/thumb\libsysbase.a(libsysbase_libsysbase_a-handle_manager.o)
 .data.devoptab_list
                0x0207741c       0x8c d:/devkitpro/devkitarm/bin/../lib/gcc/arm-none-eabi/12.2.0/../../../../arm-none-eabi/lib/thumb\libsysbase.a(libsysbase_libsysbase_a-iosupport.o)
                0x0207741c                devoptab_list
 .data.defaultDevice
                0x020774a8        0x4 d:/devkitpro/devkitarm/bin/../lib/gcc/arm-none-eabi/12.2.0/../../../../arm-none-eabi/lib/thumb\libsysbase.a(libsysbase_libsysbase_a-iosupport.o)
 *(EXCLUDE_FILE(*.twl*) .gnu.linkonce.d*)
                0x020774ac                        . = ALIGN (0x4)
                0x020774ac                        __data_end = ABSOLUTE (.)
                0x020774ac                        __bss_vma = .

.igot.plt       0x020774ac        0x0
 .igot.plt      0x020774ac        0x0 d:/devkitpro/devkitarm/bin/../lib/gcc/arm-none-eabi/12.2.0/../../../../arm-none-eabi/lib/thumb/ds_arm9_crt0.o

.dtcm           0x02ff0000        0x0 load address 0x020774ac
                0x020774ac                        __dtcm_lma = LOADADDR (.dtcm)
                0x02ff0000                        __dtcm_start = ABSOLUTE (.)
 *(.dtcm)
 *(.dtcm.*)
                0x02ff0000                        . = ALIGN (0x4)
                0x02ff0000                        __dtcm_end = ABSOLUTE (.)

.itcm           0x01000100      0x194 load address 0x020774ac
                0x020774ac                        __itcm_lma = LOADADDR (.itcm)
                0x01000100                        __itcm_start = ABSOLUTE (.)
 *(.itcm)
 .itcm          0x01000100       0xc8 D:/devkitPro/libnds/lib\libnds9.a(interrupts.o)
                0x01000100                irqTable
 .itcm          0x010001c8       0xcc D:/devkitPro/libnds/lib\libnds9.a(interruptDispatcher.o)
                0x010001c8                IntrMain
 *.itcm*(.text .stub .text.*)
                0x01000294                        . = ALIGN (0x4)
                0x01000294                        __itcm_end = ABSOLUTE (.)

.vectors        0x01000000        0x0 load address 0x02077640
                0x02077640                        __vectors_lma = LOADADDR (.vectors)
                0x01000000                        __vectors_start = ABSOLUTE (.)
 *(.vectors .vectors.*)
                0x01000000                        . = ALIGN (0x4)
                0x01000000                        __vectors_end = ABSOLUTE (.)

.sbss           0x02ff0000        0x0
                0x02ff0000                        __sbss_start = ABSOLUTE (.)
                0x02ff0000                        __sbss_start__ = ABSOLUTE (.)
 *(.sbss)
                0x02ff0000                        . = ALIGN (0x4)
                0x02ff0000                        __sbss_end = ABSOLUTE (.)

.bss            0x020774ac      0xeb8
                0x020774ac                        __bss_start = ABSOLUTE (.)
                0x020774ac                        __bss_start__ = ABSOLUTE (.)
 *(EXCLUDE_FILE(*.twl*) .dynbss)
 *(EXCLUDE_FILE(*.twl*) .gnu.linkonce.b*)
 *(EXCLUDE_FILE(*.twl*) .bss*)
 .bss.completed.1
                0x020774ac        0x1 d:/devkitpro/devkitarm/bin/../lib/gcc/arm-none-eabi/12.2.0/thumb/crtbegin.o
 *fill*         0x020774ad        0x3 
 .bss.object.0  0x020774b0       0x18 d:/devkitpro/devkitarm/bin/../lib/gcc/arm-none-eabi/12.2.0/thumb/crtbegin.o
 .bss           0x020774c8       0x18 D:/devkitPro/libnds/lib\libmm9.a(mm_comms.o)
 .bss           0x020774e0       0x19 D:/devkitPro/libnds/lib\libmm9.a(mm_main9.o)
                0x020774e0                mmcbMemory
                0x020774e4                mmModuleCount
                0x020774e8                mmSampleCount
                0x020774ec                mmMemoryBank
                0x020774ec                mmModuleBank
                0x020774f0                mmSampleBank
                0x020774f4                mmCallback
                0x020774f8                mmActiveStatus
 *fill*         0x020774f9        0x3 
 .bss           0x020774fc       0x44 D:/devkitPro/libnds/lib\libmm9.a(mm_soundbank.o)
 .bss.currentCopy
                0x02077540       0x5c D:/devkitPro/libnds/lib\libnds9.a(console.o)
                0x02077540                currentCopy
 .bss.gCurrentTexture
                0x0207759c        0x4 D:/devkitPro/libnds/lib\libnds9.a(gl2d.o)
                0x0207759c                gCurrentTexture
 .bss.g_depth   0x020775a0        0x2 D:/devkitPro/libnds/lib\libnds9.a(gl2d.o)
 *fill*         0x020775a2        0x2 
 .bss.diffuse_ambient.1
                0x020775a4        0x4 D:/devkitPro/libnds/lib\libnds9.a(videoGL.o)
 .bss.glGlobalData
                0x020775a8       0x54 D:/devkitPro/libnds/lib\libnds9.a(videoGL.o)
                0x020775a8                glGlobalData
 .bss.specular_emission.0
                0x020775fc        0x4 D:/devkitPro/libnds/lib\libnds9.a(videoGL.o)
 .bss.keys      0x02077600        0x2 D:/devkitPro/libnds/lib\libnds9.a(keys.o)
 .bss.keysold   0x02077602        0x2 D:/devkitPro/libnds/lib\libnds9.a(keys.o)
 .bss.keysrepeat
                0x02077604        0x2 D:/devkitPro/libnds/lib\libnds9.a(keys.o)
 .bss.__dsimode
                0x02077606        0x1 D:/devkitPro/libnds/lib\libnds9.a(initSystem.o)
                0x02077606                __dsimode
 *fill*         0x02077607        0x1 
 .bss.punixTime
                0x02077608        0x4 D:/devkitPro/libnds/lib\libnds9.a(initSystem.o)
                0x02077608                punixTime
 .bss.fifo_address_data
                0x0207760c       0x40 D:/devkitPro/libnds/lib\libnds9.a(fifosystem.o)
                0x0207760c                fifo_address_data
 .bss.fifo_address_func
                0x0207764c       0x40 D:/devkitPro/libnds/lib\libnds9.a(fifosystem.o)
                0x0207764c                fifo_address_func
 .bss.fifo_address_queue
                0x0207768c       0x40 D:/devkitPro/libnds/lib\libnds9.a(fifosystem.o)
                0x0207768c                fifo_address_queue
 .bss.fifo_buffer
                0x020776cc      0x800 D:/devkitPro/libnds/lib\libnds9.a(fifosystem.o)
                0x020776cc                fifo_buffer
 .bss.fifo_data_queue
                0x02077ecc       0x40 D:/devkitPro/libnds/lib\libnds9.a(fifosystem.o)
                0x02077ecc                fifo_data_queue
 .bss.fifo_datamsg_data
                0x02077f0c       0x40 D:/devkitPro/libnds/lib\libnds9.a(fifosystem.o)
                0x02077f0c                fifo_datamsg_data
 .bss.fifo_datamsg_func
                0x02077f4c       0x40 D:/devkitPro/libnds/lib\libnds9.a(fifosystem.o)
                0x02077f4c                fifo_datamsg_func
 .bss.fifo_value32_data
                0x02077f8c       0x40 D:/devkitPro/libnds/lib\libnds9.a(fifosystem.o)
                0x02077f8c                fifo_value32_data
 .bss.fifo_value32_func
                0x02077fcc       0x40 D:/devkitPro/libnds/lib\libnds9.a(fifosystem.o)
                0x02077fcc                fifo_value32_func
 .bss.fifo_value32_queue
                0x0207800c       0x40 D:/devkitPro/libnds/lib\libnds9.a(fifosystem.o)
                0x0207800c                fifo_value32_queue
 .bss.processing
                0x0207804c        0x4 D:/devkitPro/libnds/lib\libnds9.a(fifosystem.o)
                0x0207804c                processing
 .bss.bgIsTextLut
                0x02078050        0x8 D:/devkitPro/libnds/lib\libnds9.a(background.o)
                0x02078050                bgIsTextLut
 .bss.bgState   0x02078058      0x140 D:/devkitPro/libnds/lib\libnds9.a(background.o)
                0x02078058                bgState
 .bss.SDcallback
                0x02078198        0x4 D:/devkitPro/libnds/lib\libnds9.a(system.o)
 .bss.__malloc_current_mallinfo
                0x0207819c       0x28 d:/devkitpro/devkitarm/bin/../lib/gcc/arm-none-eabi/12.2.0/../../../../arm-none-eabi/lib/thumb\libg.a(libc_a-mallocr.o)
                0x0207819c                __malloc_current_mallinfo
 .bss.__malloc_max_total_mem
                0x020781c4        0x4 d:/devkitpro/devkitarm/bin/../lib/gcc/arm-none-eabi/12.2.0/../../../../arm-none-eabi/lib/thumb\libg.a(libc_a-mallocr.o)
                0x020781c4                __malloc_max_total_mem
 .bss.__malloc_max_sbrked_mem
                0x020781c8        0x4 d:/devkitpro/devkitarm/bin/../lib/gcc/arm-none-eabi/12.2.0/../../../../arm-none-eabi/lib/thumb\libg.a(libc_a-mallocr.o)
                0x020781c8                __malloc_max_sbrked_mem
 .bss.__malloc_top_pad
                0x020781cc        0x4 d:/devkitpro/devkitarm/bin/../lib/gcc/arm-none-eabi/12.2.0/../../../../arm-none-eabi/lib/thumb\libg.a(libc_a-mallocr.o)
                0x020781cc                __malloc_top_pad
 .bss.__malloc_recursive_mutex
                0x020781d0        0xc d:/devkitpro/devkitarm/bin/../lib/gcc/arm-none-eabi/12.2.0/../../../../arm-none-eabi/lib/thumb\libg.a(libc_a-mlock.o)
 .bss.__sfp_recursive_mutex
                0x020781dc        0xc d:/devkitpro/devkitarm/bin/../lib/gcc/arm-none-eabi/12.2.0/../../../../arm-none-eabi/lib/thumb\libg.a(libc_a-findfp.o)
 .bss.__sf      0x020781e8      0x168 d:/devkitpro/devkitarm/bin/../lib/gcc/arm-none-eabi/12.2.0/../../../../arm-none-eabi/lib/thumb\libg.a(libc_a-findfp.o)
                0x020781e8                __sf
 .bss.__stdio_exit_handler
                0x02078350        0x4 d:/devkitpro/devkitarm/bin/../lib/gcc/arm-none-eabi/12.2.0/../../../../arm-none-eabi/lib/thumb\libg.a(libc_a-findfp.o)
                0x02078350                __stdio_exit_handler
 .bss.__hndl_lock
                0x02078354        0x4 d:/devkitpro/devkitarm/bin/../lib/gcc/arm-none-eabi/12.2.0/../../../../arm-none-eabi/lib/thumb\libsysbase.a(libsysbase_libsysbase_a-handle_manager.o)
 .bss.fake_heap_start
                0x02078358        0x4 d:/devkitpro/devkitarm/bin/../lib/gcc/arm-none-eabi/12.2.0/../../../../arm-none-eabi/lib/thumb\libsysbase.a(libsysbase_libsysbase_a-malloc_vars.o)
                0x02078358                fake_heap_start
 .bss.fake_heap_end
                0x0207835c        0x4 d:/devkitpro/devkitarm/bin/../lib/gcc/arm-none-eabi/12.2.0/../../../../arm-none-eabi/lib/thumb\libsysbase.a(libsysbase_libsysbase_a-malloc_vars.o)
                0x0207835c                fake_heap_end
 .bss.heap_start.0
                0x02078360        0x4 d:/devkitpro/devkitarm/bin/../lib/gcc/arm-none-eabi/12.2.0/../../../../arm-none-eabi/lib/thumb\libsysbase.a(libsysbase_libsysbase_a-sbrk.o)
 *(EXCLUDE_FILE(*.twl*) COMMON)
                0x02078364                        . = ALIGN (0x4)
                0x02078364                        __bss_end__ = ABSOLUTE (.)
                0x02078364                        __end__ = ABSOLUTE (.)

.twl            0x02078364        0x0 load address 0x02400000
                0x02400000                        __arm9i_lma__ = LOADADDR (.twl)
                0x02078364                        __arm9i_start__ = ABSOLUTE (.)
 *(.twl)
 *.twl*(.text .stub .text.* .gnu.linkonce.t.*)
 *.twl*(.rodata)
 *.twl*(.roda)
 *.twl*(.rodata.*)
 *.twl*(.data)
 *.twl*(.data.*)
 *.twl*(.gnu.linkonce.d*)
                0x02078364                        __arm9i_end__ = ABSOLUTE (.)

.twl_bss        0x02078364        0x0
                0x02078364                        __twl_bss_start__ = ABSOLUTE (.)
 *(.twl_bss)
 *.twl*(.dynbss)
 *.twl*(.gnu.linkonce.b*)
 *.twl*(.bss*)
 *.twl*(COMMON)
                0x02078364                        . = ALIGN (0x4)
                0x02078364                        __twl_bss_end__ = ABSOLUTE (.)
                0x02078364                        __twl_end__ = ABSOLUTE (.)

.stab
 *(.stab)

.stabstr
 *(.stabstr)

.stab.excl
 *(.stab.excl)

.stab.exclstr
 *(.stab.exclstr)

.stab.index
 *(.stab.index)

.stab.indexstr
 *(.stab.indexstr)

.comment        0x00000000       0x46
 *(.comment)
 .comment       0x00000000       0x23 d:/devkitpro/devkitarm/bin/../lib/gcc/arm-none-eabi/12.2.0/thumb/crtbegin.o
                                 0x24 (size before relaxing)
 .comment       0x00000023       0x24 main.o
 .comment       0x00000023       0x23 D:/devkitPro/libnds/lib\libnds9.a(console.o)
                                 0x24 (size before relaxing)
 .comment       0x00000046       0x24 D:/devkitPro/libnds/lib\libnds9.a(gl2d.o)
 .comment       0x00000046       0x24 D:/devkitPro/libnds/lib\libnds9.a(videoGL.o)
 .comment       0x00000046       0x24 D:/devkitPro/libnds/lib\libnds9.a(keys.o)
 .comment       0x00000046       0x24 D:/devkitPro/libnds/lib\libnds9.a(initSystem.o)
 .comment       0x00000046       0x24 D:/devkitPro/libnds/lib\libnds9.a(securearea.o)
 .comment       0x00000046       0x24 D:/devkitPro/libnds/lib\libnds9.a(interrupts.o)
 .comment       0x00000046       0x24 D:/devkitPro/libnds/lib\libnds9.a(libnds_exit.arm.o)
 .comment       0x00000046       0x24 D:/devkitPro/libnds/lib\libnds9.a(fifosystem.o)
 .comment       0x00000046       0x24 D:/devkitPro/libnds/lib\libnds9.a(background.o)
 .comment       0x00000046       0x24 D:/devkitPro/libnds/lib\libnds9.a(dynamicArray.o)
 .comment       0x00000046       0x24 D:/devkitPro/libnds/lib\libnds9.a(trig.o)
 .comment       0x00000046       0x24 D:/devkitPro/libnds/lib\libnds9.a(video.o)
 .comment       0x00000046       0x24 D:/devkitPro/libnds/lib\libnds9.a(system.o)
 .comment       0x00000046       0x24 d:/devkitpro/devkitarm/bin/../lib/gcc/arm-none-eabi/12.2.0/../../../../arm-none-eabi/lib/thumb\libm.a(libm_a-s_cos.o)
 .comment       0x00000046       0x24 d:/devkitpro/devkitarm/bin/../lib/gcc/arm-none-eabi/12.2.0/../../../../arm-none-eabi/lib/thumb\libm.a(libm_a-s_sin.o)
 .comment       0x00000046       0x24 d:/devkitpro/devkitarm/bin/../lib/gcc/arm-none-eabi/12.2.0/../../../../arm-none-eabi/lib/thumb\libm.a(libm_a-k_cos.o)
 .comment       0x00000046       0x24 d:/devkitpro/devkitarm/bin/../lib/gcc/arm-none-eabi/12.2.0/../../../../arm-none-eabi/lib/thumb\libm.a(libm_a-k_sin.o)
 .comment       0x00000046       0x24 d:/devkitpro/devkitarm/bin/../lib/gcc/arm-none-eabi/12.2.0/../../../../arm-none-eabi/lib/thumb\libm.a(libm_a-e_rem_pio2.o)
 .comment       0x00000046       0x24 d:/devkitpro/devkitarm/bin/../lib/gcc/arm-none-eabi/12.2.0/../../../../arm-none-eabi/lib/thumb\libm.a(libm_a-s_fabs.o)
 .comment       0x00000046       0x24 d:/devkitpro/devkitarm/bin/../lib/gcc/arm-none-eabi/12.2.0/../../../../arm-none-eabi/lib/thumb\libm.a(libm_a-k_rem_pio2.o)
 .comment       0x00000046       0x24 d:/devkitpro/devkitarm/bin/../lib/gcc/arm-none-eabi/12.2.0/../../../../arm-none-eabi/lib/thumb\libm.a(libm_a-s_scalbn.o)
 .comment       0x00000046       0x24 d:/devkitpro/devkitarm/bin/../lib/gcc/arm-none-eabi/12.2.0/../../../../arm-none-eabi/lib/thumb\libm.a(libm_a-s_floor.o)
 .comment       0x00000046       0x24 d:/devkitpro/devkitarm/bin/../lib/gcc/arm-none-eabi/12.2.0/thumb\libgcc.a(_muldi3.o)
 .comment       0x00000046       0x24 d:/devkitpro/devkitarm/bin/../lib/gcc/arm-none-eabi/12.2.0/../../../../arm-none-eabi/lib/thumb\libg.a(libc_a-calloc.o)
 .comment       0x00000046       0x24 d:/devkitpro/devkitarm/bin/../lib/gcc/arm-none-eabi/12.2.0/../../../../arm-none-eabi/lib/thumb\libg.a(libc_a-callocr.o)
 .comment       0x00000046       0x24 d:/devkitpro/devkitarm/bin/../lib/gcc/arm-none-eabi/12.2.0/../../../../arm-none-eabi/lib/thumb\libg.a(libc_a-malloc.o)
 .comment       0x00000046       0x24 d:/devkitpro/devkitarm/bin/../lib/gcc/arm-none-eabi/12.2.0/../../../../arm-none-eabi/lib/thumb\libg.a(libc_a-mallocr.o)
 .comment       0x00000046       0x24 d:/devkitpro/devkitarm/bin/../lib/gcc/arm-none-eabi/12.2.0/../../../../arm-none-eabi/lib/thumb\libg.a(libc_a-mlock.o)
 .comment       0x00000046       0x24 d:/devkitpro/devkitarm/bin/../lib/gcc/arm-none-eabi/12.2.0/../../../../arm-none-eabi/lib/thumb\libg.a(libc_a-rand.o)
 .comment       0x00000046       0x24 d:/devkitpro/devkitarm/bin/../lib/gcc/arm-none-eabi/12.2.0/../../../../arm-none-eabi/lib/thumb\libg.a(libc_a-realloc.o)
 .comment       0x00000046       0x24 d:/devkitpro/devkitarm/bin/../lib/gcc/arm-none-eabi/12.2.0/../../../../arm-none-eabi/lib/thumb\libg.a(libc_a-reallocr.o)
 .comment       0x00000046       0x24 d:/devkitpro/devkitarm/bin/../lib/gcc/arm-none-eabi/12.2.0/../../../../arm-none-eabi/lib/thumb\libg.a(libc_a-iprintf.o)
 .comment       0x00000046       0x24 d:/devkitpro/devkitarm/bin/../lib/gcc/arm-none-eabi/12.2.0/../../../../arm-none-eabi/lib/thumb\libg.a(libc_a-siscanf.o)
 .comment       0x00000046       0x24 d:/devkitpro/devkitarm/bin/../lib/gcc/arm-none-eabi/12.2.0/../../../../arm-none-eabi/lib/thumb\libg.a(libc_a-svfiscanf.o)
 .comment       0x00000046       0x24 d:/devkitpro/devkitarm/bin/../lib/gcc/arm-none-eabi/12.2.0/../../../../arm-none-eabi/lib/thumb\libg.a(libc_a-vfiprintf.o)
 .comment       0x00000046       0x24 d:/devkitpro/devkitarm/bin/../lib/gcc/arm-none-eabi/12.2.0/../../../../arm-none-eabi/lib/thumb\libg.a(libc_a-fclose.o)
 .comment       0x00000046       0x24 d:/devkitpro/devkitarm/bin/../lib/gcc/arm-none-eabi/12.2.0/../../../../arm-none-eabi/lib/thumb\libg.a(libc_a-fflush.o)
 .comment       0x00000046       0x24 d:/devkitpro/devkitarm/bin/../lib/gcc/arm-none-eabi/12.2.0/../../../../arm-none-eabi/lib/thumb\libg.a(libc_a-findfp.o)
 .comment       0x00000046       0x24 d:/devkitpro/devkitarm/bin/../lib/gcc/arm-none-eabi/12.2.0/../../../../arm-none-eabi/lib/thumb\libg.a(libc_a-fopen.o)
 .comment       0x00000046       0x24 d:/devkitpro/devkitarm/bin/../lib/gcc/arm-none-eabi/12.2.0/../../../../arm-none-eabi/lib/thumb\libg.a(libc_a-fread.o)
 .comment       0x00000046       0x24 d:/devkitpro/devkitarm/bin/../lib/gcc/arm-none-eabi/12.2.0/../../../../arm-none-eabi/lib/thumb\libg.a(libc_a-fseek.o)
 .comment       0x00000046       0x24 d:/devkitpro/devkitarm/bin/../lib/gcc/arm-none-eabi/12.2.0/../../../../arm-none-eabi/lib/thumb\libg.a(libc_a-fvwrite.o)
 .comment       0x00000046       0x24 d:/devkitpro/devkitarm/bin/../lib/gcc/arm-none-eabi/12.2.0/../../../../arm-none-eabi/lib/thumb\libg.a(libc_a-fwalk.o)
 .comment       0x00000046       0x24 d:/devkitpro/devkitarm/bin/../lib/gcc/arm-none-eabi/12.2.0/../../../../arm-none-eabi/lib/thumb\libg.a(libc_a-makebuf.o)
 .comment       0x00000046       0x24 d:/devkitpro/devkitarm/bin/../lib/gcc/arm-none-eabi/12.2.0/../../../../arm-none-eabi/lib/thumb\libg.a(libc_a-refill.o)
 .comment       0x00000046       0x24 d:/devkitpro/devkitarm/bin/../lib/gcc/arm-none-eabi/12.2.0/../../../../arm-none-eabi/lib/thumb\libg.a(libc_a-sccl.o)
 .comment       0x00000046       0x24 d:/devkitpro/devkitarm/bin/../lib/gcc/arm-none-eabi/12.2.0/../../../../arm-none-eabi/lib/thumb\libg.a(libc_a-setvbuf.o)
 .comment       0x00000046       0x24 d:/devkitpro/devkitarm/bin/../lib/gcc/arm-none-eabi/12.2.0/../../../../arm-none-eabi/lib/thumb\libg.a(libc_a-stdio.o)
 .comment       0x00000046       0x24 d:/devkitpro/devkitarm/bin/../lib/gcc/arm-none-eabi/12.2.0/../../../../arm-none-eabi/lib/thumb\libg.a(libc_a-ungetc.o)
 .comment       0x00000046       0x24 d:/devkitpro/devkitarm/bin/../lib/gcc/arm-none-eabi/12.2.0/../../../../arm-none-eabi/lib/thumb\libg.a(libc_a-wsetup.o)
 .comment       0x00000046       0x24 d:/devkitpro/devkitarm/bin/../lib/gcc/arm-none-eabi/12.2.0/../../../../arm-none-eabi/lib/thumb\libg.a(libc_a-fseeko.o)
 .comment       0x00000046       0x24 d:/devkitpro/devkitarm/bin/../lib/gcc/arm-none-eabi/12.2.0/../../../../arm-none-eabi/lib/thumb\libg.a(libc_a-memmove.o)
 .comment       0x00000046       0x24 d:/devkitpro/devkitarm/bin/../lib/gcc/arm-none-eabi/12.2.0/../../../../arm-none-eabi/lib/thumb\libg.a(libc_a-memset.o)
 .comment       0x00000046       0x24 d:/devkitpro/devkitarm/bin/../lib/gcc/arm-none-eabi/12.2.0/../../../../arm-none-eabi/lib/thumb\libg.a(libc_a-strlen.o)
 .comment       0x00000046       0x24 d:/devkitpro/devkitarm/bin/../lib/gcc/arm-none-eabi/12.2.0/../../../../arm-none-eabi/lib/thumb\libg.a(libc_a-strncpy.o)
 .comment       0x00000046       0x24 d:/devkitpro/devkitarm/bin/../lib/gcc/arm-none-eabi/12.2.0/../../../../arm-none-eabi/lib/thumb\libg.a(libc_a-time.o)
 .comment       0x00000046       0x24 d:/devkitpro/devkitarm/bin/../lib/gcc/arm-none-eabi/12.2.0/../../../../arm-none-eabi/lib/thumb\libg.a(libc_a-locale.o)
 .comment       0x00000046       0x24 d:/devkitpro/devkitarm/bin/../lib/gcc/arm-none-eabi/12.2.0/../../../../arm-none-eabi/lib/thumb\libg.a(libc_a-localeconv.o)
 .comment       0x00000046       0x24 d:/devkitpro/devkitarm/bin/../lib/gcc/arm-none-eabi/12.2.0/../../../../arm-none-eabi/lib/thumb\libg.a(libc_a-impure.o)
 .comment       0x00000046       0x24 d:/devkitpro/devkitarm/bin/../lib/gcc/arm-none-eabi/12.2.0/../../../../arm-none-eabi/lib/thumb\libg.a(libc_a-errno.o)
 .comment       0x00000046       0x24 d:/devkitpro/devkitarm/bin/../lib/gcc/arm-none-eabi/12.2.0/../../../../arm-none-eabi/lib/thumb\libg.a(libc_a-init.o)
 .comment       0x00000046       0x24 d:/devkitpro/devkitarm/bin/../lib/gcc/arm-none-eabi/12.2.0/../../../../arm-none-eabi/lib/thumb\libg.a(libc_a-memchr-stub.o)
 .comment       0x00000046       0x24 d:/devkitpro/devkitarm/bin/../lib/gcc/arm-none-eabi/12.2.0/../../../../arm-none-eabi/lib/thumb\libg.a(libc_a-memcpy-stub.o)
 .comment       0x00000046       0x24 d:/devkitpro/devkitarm/bin/../lib/gcc/arm-none-eabi/12.2.0/../../../../arm-none-eabi/lib/thumb\libg.a(libc_a-freer.o)
 .comment       0x00000046       0x24 d:/devkitpro/devkitarm/bin/../lib/gcc/arm-none-eabi/12.2.0/../../../../arm-none-eabi/lib/thumb\libg.a(libc_a-mbtowc_r.o)
 .comment       0x00000046       0x24 d:/devkitpro/devkitarm/bin/../lib/gcc/arm-none-eabi/12.2.0/../../../../arm-none-eabi/lib/thumb\libg.a(libc_a-strtol.o)
 .comment       0x00000046       0x24 d:/devkitpro/devkitarm/bin/../lib/gcc/arm-none-eabi/12.2.0/../../../../arm-none-eabi/lib/thumb\libg.a(libc_a-strtoul.o)
 .comment       0x00000046       0x24 d:/devkitpro/devkitarm/bin/../lib/gcc/arm-none-eabi/12.2.0/../../../../arm-none-eabi/lib/thumb\libg.a(libc_a-wctomb_r.o)
 .comment       0x00000046       0x24 d:/devkitpro/devkitarm/bin/../lib/gcc/arm-none-eabi/12.2.0/../../../../arm-none-eabi/lib/thumb\libg.a(libc_a-strtoll.o)
 .comment       0x00000046       0x24 d:/devkitpro/devkitarm/bin/../lib/gcc/arm-none-eabi/12.2.0/../../../../arm-none-eabi/lib/thumb\libg.a(libc_a-strtoull.o)
 .comment       0x00000046       0x24 d:/devkitpro/devkitarm/bin/../lib/gcc/arm-none-eabi/12.2.0/../../../../arm-none-eabi/lib/thumb\libg.a(libc_a-malign.o)
 .comment       0x00000046       0x24 d:/devkitpro/devkitarm/bin/../lib/gcc/arm-none-eabi/12.2.0/../../../../arm-none-eabi/lib/thumb\libg.a(libc_a-malignr.o)
 .comment       0x00000046       0x24 d:/devkitpro/devkitarm/bin/../lib/gcc/arm-none-eabi/12.2.0/../../../../arm-none-eabi/lib/thumb\libg.a(libc_a-mbrtowc.o)
 .comment       0x00000046       0x24 d:/devkitpro/devkitarm/bin/../lib/gcc/arm-none-eabi/12.2.0/../../../../arm-none-eabi/lib/thumb\libg.a(libc_a-wcrtomb.o)
 .comment       0x00000046       0x24 d:/devkitpro/devkitarm/bin/../lib/gcc/arm-none-eabi/12.2.0/../../../../arm-none-eabi/lib/thumb\libg.a(libc_a-wcsrtombs.o)
 .comment       0x00000046       0x24 d:/devkitpro/devkitarm/bin/../lib/gcc/arm-none-eabi/12.2.0/../../../../arm-none-eabi/lib/thumb\libg.a(libc_a-ctype_.o)
 .comment       0x00000046       0x24 d:/devkitpro/devkitarm/bin/../lib/gcc/arm-none-eabi/12.2.0/../../../../arm-none-eabi/lib/thumb\libg.a(libc_a-iswspace.o)
 .comment       0x00000046       0x24 d:/devkitpro/devkitarm/bin/../lib/gcc/arm-none-eabi/12.2.0/../../../../arm-none-eabi/lib/thumb\libg.a(libc_a-iswspace_l.o)
 .comment       0x00000046       0x24 d:/devkitpro/devkitarm/bin/../lib/gcc/arm-none-eabi/12.2.0/../../../../arm-none-eabi/lib/thumb\libg.a(libc_a-svfiprintf.o)
 .comment       0x00000046       0x24 d:/devkitpro/devkitarm/bin/../lib/gcc/arm-none-eabi/12.2.0/../../../../arm-none-eabi/lib/thumb\libg.a(libc_a-flags.o)
 .comment       0x00000046       0x24 d:/devkitpro/devkitarm/bin/../lib/gcc/arm-none-eabi/12.2.0/../../../../arm-none-eabi/lib/thumb\libg.a(libc_a-strchr.o)
 .comment       0x00000046       0x24 d:/devkitpro/devkitarm/bin/../lib/gcc/arm-none-eabi/12.2.0/../../../../arm-none-eabi/lib/thumb\libg.a(libc_a-strncmp.o)
 .comment       0x00000046       0x24 d:/devkitpro/devkitarm/bin/../lib/gcc/arm-none-eabi/12.2.0/../../../../arm-none-eabi/lib/thumb\libg.a(libc_a-wcsnrtombs.o)
 .comment       0x00000046       0x24 d:/devkitpro/devkitarm/bin/../lib/gcc/arm-none-eabi/12.2.0/../../../../arm-none-eabi/lib/thumb\libg.a(libc_a-categories.o)
 .comment       0x00000046       0x24 d:/devkitpro/devkitarm/bin/../lib/gcc/arm-none-eabi/12.2.0/../../../../arm-none-eabi/lib/thumb\libsysbase.a(libsysbase_libsysbase_a-build_argv.o)
 .comment       0x00000046       0x24 d:/devkitpro/devkitarm/bin/../lib/gcc/arm-none-eabi/12.2.0/../../../../arm-none-eabi/lib/thumb\libsysbase.a(libsysbase_libsysbase_a-fstat.o)
 .comment       0x00000046       0x24 d:/devkitpro/devkitarm/bin/../lib/gcc/arm-none-eabi/12.2.0/../../../../arm-none-eabi/lib/thumb\libsysbase.a(libsysbase_libsysbase_a-getreent.o)
 .comment       0x00000046       0x24 d:/devkitpro/devkitarm/bin/../lib/gcc/arm-none-eabi/12.2.0/../../../../arm-none-eabi/lib/thumb\libsysbase.a(libsysbase_libsysbase_a-gettod.o)
 .comment       0x00000046       0x24 d:/devkitpro/devkitarm/bin/../lib/gcc/arm-none-eabi/12.2.0/../../../../arm-none-eabi/lib/thumb\libsysbase.a(libsysbase_libsysbase_a-handle_manager.o)
 .comment       0x00000046       0x24 d:/devkitpro/devkitarm/bin/../lib/gcc/arm-none-eabi/12.2.0/../../../../arm-none-eabi/lib/thumb\libsysbase.a(libsysbase_libsysbase_a-iosupport.o)
 .comment       0x00000046       0x24 d:/devkitpro/devkitarm/bin/../lib/gcc/arm-none-eabi/12.2.0/../../../../arm-none-eabi/lib/thumb\libsysbase.a(libsysbase_libsysbase_a-isatty.o)
 .comment       0x00000046       0x24 d:/devkitpro/devkitarm/bin/../lib/gcc/arm-none-eabi/12.2.0/../../../../arm-none-eabi/lib/thumb\libsysbase.a(libsysbase_libsysbase_a-lseek.o)
 .comment       0x00000046       0x24 d:/devkitpro/devkitarm/bin/../lib/gcc/arm-none-eabi/12.2.0/../../../../arm-none-eabi/lib/thumb\libsysbase.a(libsysbase_libsysbase_a-malloc_vars.o)
 .comment       0x00000046       0x24 d:/devkitpro/devkitarm/bin/../lib/gcc/arm-none-eabi/12.2.0/../../../../arm-none-eabi/lib/thumb\libsysbase.a(libsysbase_libsysbase_a-open.o)
 .comment       0x00000046       0x24 d:/devkitpro/devkitarm/bin/../lib/gcc/arm-none-eabi/12.2.0/../../../../arm-none-eabi/lib/thumb\libsysbase.a(libsysbase_libsysbase_a-read.o)
 .comment       0x00000046       0x24 d:/devkitpro/devkitarm/bin/../lib/gcc/arm-none-eabi/12.2.0/../../../../arm-none-eabi/lib/thumb\libsysbase.a(libsysbase_libsysbase_a-sbrk.o)
 .comment       0x00000046       0x24 d:/devkitpro/devkitarm/bin/../lib/gcc/arm-none-eabi/12.2.0/../../../../arm-none-eabi/lib/thumb\libsysbase.a(libsysbase_libsysbase_a-syscall_support.o)
 .comment       0x00000046       0x24 d:/devkitpro/devkitarm/bin/../lib/gcc/arm-none-eabi/12.2.0/../../../../arm-none-eabi/lib/thumb\libsysbase.a(libsysbase_libsysbase_a-write.o)
 .comment       0x00000046       0x24 d:/devkitpro/devkitarm/bin/../lib/gcc/arm-none-eabi/12.2.0/thumb\libgcc.a(_udivmoddi4.o)
 .comment       0x00000046       0x24 d:/devkitpro/devkitarm/bin/../lib/gcc/arm-none-eabi/12.2.0/thumb/crtend.o

.ARM.attributes
                0x00000000       0x2d
 .ARM.attributes
                0x00000000       0x21 d:/devkitpro/devkitarm/bin/../lib/gcc/arm-none-eabi/12.2.0/../../../../arm-none-eabi/lib/thumb/ds_arm9_crt0.o
 .ARM.attributes
                0x00000021       0x1c d:/devkitpro/devkitarm/bin/../lib/gcc/arm-none-eabi/12.2.0/thumb/crti.o
 .ARM.attributes
                0x0000003d       0x2a d:/devkitpro/devkitarm/bin/../lib/gcc/arm-none-eabi/12.2.0/thumb/crtbegin.o
 .ARM.attributes
                0x00000067       0x14 soundbank.bin.o
 .ARM.attributes
                0x0000007b       0x27 main.o
 .ARM.attributes
                0x000000a2       0x1b D:/devkitPro/libnds/lib\libmm9.a(mm_comms.o)
 .ARM.attributes
                0x000000bd       0x1b D:/devkitPro/libnds/lib\libmm9.a(mm_memory.o)
 .ARM.attributes
                0x000000d8       0x1b D:/devkitPro/libnds/lib\libmm9.a(mm_main9.o)
 .ARM.attributes
                0x000000f3       0x1b D:/devkitPro/libnds/lib\libmm9.a(mm_soundbank.o)
 .ARM.attributes
                0x0000010e       0x1b D:/devkitPro/libnds/lib\libmm9.a(mm_flusher.o)
 .ARM.attributes
                0x00000129       0x2b D:/devkitPro/libnds/lib\libnds9.a(console.o)
 .ARM.attributes
                0x00000154       0x2b D:/devkitPro/libnds/lib\libnds9.a(gl2d.o)
 .ARM.attributes
                0x0000017f       0x2b D:/devkitPro/libnds/lib\libnds9.a(videoGL.o)
 .ARM.attributes
                0x000001aa       0x2b D:/devkitPro/libnds/lib\libnds9.a(keys.o)
 .ARM.attributes
                0x000001d5       0x2b D:/devkitPro/libnds/lib\libnds9.a(initSystem.o)
 .ARM.attributes
                0x00000200       0x2b D:/devkitPro/libnds/lib\libnds9.a(securearea.o)
 .ARM.attributes
                0x0000022b       0x2b D:/devkitPro/libnds/lib\libnds9.a(interrupts.o)
 .ARM.attributes
                0x00000256       0x2b D:/devkitPro/libnds/lib\libnds9.a(libnds_exit.arm.o)
 .ARM.attributes
                0x00000281       0x2b D:/devkitPro/libnds/lib\libnds9.a(fifosystem.o)
 .ARM.attributes
                0x000002ac       0x21 D:/devkitPro/libnds/lib\libnds9.a(mpu_setup.o)
 .ARM.attributes
                0x000002cd       0x21 D:/devkitPro/libnds/lib\libnds9.a(IntrWait.o)
 .ARM.attributes
                0x000002ee       0x21 D:/devkitPro/libnds/lib\libnds9.a(cpu_clock.o)
 .ARM.attributes
                0x0000030f       0x1b D:/devkitPro/libnds/lib\libnds9.a(interruptDispatcher.o)
 .ARM.attributes
                0x0000032a       0x1b D:/devkitPro/libnds/lib\libnds9.a(biosCalls.o)
 .ARM.attributes
                0x00000345       0x21 D:/devkitPro/libnds/lib\libnds9.a(swiSoftReset.o)
 .ARM.attributes
                0x00000366       0x14 D:/devkitPro/libnds/lib\libnds9.a(default_font.bin.o)
 .ARM.attributes
                0x0000037a       0x2b D:/devkitPro/libnds/lib\libnds9.a(background.o)
 .ARM.attributes
                0x000003a5       0x2b D:/devkitPro/libnds/lib\libnds9.a(dynamicArray.o)
 .ARM.attributes
                0x000003d0       0x2b D:/devkitPro/libnds/lib\libnds9.a(trig.o)
 .ARM.attributes
                0x000003fb       0x2b D:/devkitPro/libnds/lib\libnds9.a(video.o)
 .ARM.attributes
                0x00000426       0x2b D:/devkitPro/libnds/lib\libnds9.a(system.o)
 .ARM.attributes
                0x00000451       0x2a d:/devkitpro/devkitarm/bin/../lib/gcc/arm-none-eabi/12.2.0/../../../../arm-none-eabi/lib/thumb\libm.a(libm_a-s_cos.o)
 .ARM.attributes
                0x0000047b       0x2a d:/devkitpro/devkitarm/bin/../lib/gcc/arm-none-eabi/12.2.0/../../../../arm-none-eabi/lib/thumb\libm.a(libm_a-s_sin.o)
 .ARM.attributes
                0x000004a5       0x2a d:/devkitpro/devkitarm/bin/../lib/gcc/arm-none-eabi/12.2.0/../../../../arm-none-eabi/lib/thumb\libm.a(libm_a-k_cos.o)
 .ARM.attributes
                0x000004cf       0x2a d:/devkitpro/devkitarm/bin/../lib/gcc/arm-none-eabi/12.2.0/../../../../arm-none-eabi/lib/thumb\libm.a(libm_a-k_sin.o)
 .ARM.attributes
                0x000004f9       0x2a d:/devkitpro/devkitarm/bin/../lib/gcc/arm-none-eabi/12.2.0/../../../../arm-none-eabi/lib/thumb\libm.a(libm_a-e_rem_pio2.o)
 .ARM.attributes
                0x00000523       0x2a d:/devkitpro/devkitarm/bin/../lib/gcc/arm-none-eabi/12.2.0/../../../../arm-none-eabi/lib/thumb\libm.a(libm_a-s_fabs.o)
 .ARM.attributes
                0x0000054d       0x2a d:/devkitpro/devkitarm/bin/../lib/gcc/arm-none-eabi/12.2.0/../../../../arm-none-eabi/lib/thumb\libm.a(libm_a-k_rem_pio2.o)
 .ARM.attributes
                0x00000577       0x2a d:/devkitpro/devkitarm/bin/../lib/gcc/arm-none-eabi/12.2.0/../../../../arm-none-eabi/lib/thumb\libm.a(libm_a-s_scalbn.o)
 .ARM.attributes
                0x000005a1       0x2a d:/devkitpro/devkitarm/bin/../lib/gcc/arm-none-eabi/12.2.0/../../../../arm-none-eabi/lib/thumb\libm.a(libm_a-s_floor.o)
 .ARM.attributes
                0x000005cb       0x1c d:/devkitpro/devkitarm/bin/../lib/gcc/arm-none-eabi/12.2.0/thumb\libgcc.a(_arm_muldf3.o)
 .ARM.attributes
                0x000005e7       0x1c d:/devkitpro/devkitarm/bin/../lib/gcc/arm-none-eabi/12.2.0/thumb\libgcc.a(_arm_mulsf3.o)
 .ARM.attributes
                0x00000603       0x1c d:/devkitpro/devkitarm/bin/../lib/gcc/arm-none-eabi/12.2.0/thumb\libgcc.a(_divsi3.o)
 .ARM.attributes
                0x0000061f       0x1c d:/devkitpro/devkitarm/bin/../lib/gcc/arm-none-eabi/12.2.0/thumb\libgcc.a(_dvmd_tls.o)
 .ARM.attributes